Archive member included to satisfy reference by file (symbol)

/usr/lib/gcc/arm-none-eabi/4.9.3/../../../arm-none-eabi/lib/armv7-m/libc_nano.a(lib_a-atexit.o)
                              /usr/lib/gcc/arm-none-eabi/4.9.3/../../../arm-none-eabi/lib/armv7-m/crt0.o (atexit)
/usr/lib/gcc/arm-none-eabi/4.9.3/../../../arm-none-eabi/lib/armv7-m/libc_nano.a(lib_a-exit.o)
                              /usr/lib/gcc/arm-none-eabi/4.9.3/../../../arm-none-eabi/lib/armv7-m/crt0.o (exit)
/usr/lib/gcc/arm-none-eabi/4.9.3/../../../arm-none-eabi/lib/armv7-m/libc_nano.a(lib_a-fini.o)
                              /usr/lib/gcc/arm-none-eabi/4.9.3/../../../arm-none-eabi/lib/armv7-m/crt0.o (__libc_fini_array)
/usr/lib/gcc/arm-none-eabi/4.9.3/../../../arm-none-eabi/lib/armv7-m/libc_nano.a(lib_a-impure.o)
                              /usr/lib/gcc/arm-none-eabi/4.9.3/../../../arm-none-eabi/lib/armv7-m/libc_nano.a(lib_a-exit.o) (_global_impure_ptr)
/usr/lib/gcc/arm-none-eabi/4.9.3/../../../arm-none-eabi/lib/armv7-m/libc_nano.a(lib_a-init.o)
                              /usr/lib/gcc/arm-none-eabi/4.9.3/../../../arm-none-eabi/lib/armv7-m/crt0.o (__libc_init_array)
/usr/lib/gcc/arm-none-eabi/4.9.3/../../../arm-none-eabi/lib/armv7-m/libc_nano.a(lib_a-malloc.o)
                              build/stm32_adafruit_sd.o (malloc)
/usr/lib/gcc/arm-none-eabi/4.9.3/../../../arm-none-eabi/lib/armv7-m/libc_nano.a(lib_a-memset.o)
                              /usr/lib/gcc/arm-none-eabi/4.9.3/../../../arm-none-eabi/lib/armv7-m/crt0.o (memset)
/usr/lib/gcc/arm-none-eabi/4.9.3/../../../arm-none-eabi/lib/armv7-m/libc_nano.a(lib_a-nano-freer.o)
                              /usr/lib/gcc/arm-none-eabi/4.9.3/../../../arm-none-eabi/lib/armv7-m/libc_nano.a(lib_a-malloc.o) (_free_r)
/usr/lib/gcc/arm-none-eabi/4.9.3/../../../arm-none-eabi/lib/armv7-m/libc_nano.a(lib_a-nano-mallocr.o)
                              /usr/lib/gcc/arm-none-eabi/4.9.3/../../../arm-none-eabi/lib/armv7-m/libc_nano.a(lib_a-malloc.o) (_malloc_r)
/usr/lib/gcc/arm-none-eabi/4.9.3/../../../arm-none-eabi/lib/armv7-m/libc_nano.a(lib_a-sbrkr.o)
                              /usr/lib/gcc/arm-none-eabi/4.9.3/../../../arm-none-eabi/lib/armv7-m/libc_nano.a(lib_a-nano-mallocr.o) (_sbrk_r)
/usr/lib/gcc/arm-none-eabi/4.9.3/../../../arm-none-eabi/lib/armv7-m/libc_nano.a(lib_a-strncasecmp.o)
                              build/smain.o (strncasecmp)
/usr/lib/gcc/arm-none-eabi/4.9.3/../../../arm-none-eabi/lib/armv7-m/libc_nano.a(lib_a-__atexit.o)
                              /usr/lib/gcc/arm-none-eabi/4.9.3/../../../arm-none-eabi/lib/armv7-m/libc_nano.a(lib_a-atexit.o) (__register_exitproc)
/usr/lib/gcc/arm-none-eabi/4.9.3/../../../arm-none-eabi/lib/armv7-m/libc_nano.a(lib_a-__call_atexit.o)
                              /usr/lib/gcc/arm-none-eabi/4.9.3/../../../arm-none-eabi/lib/armv7-m/libc_nano.a(lib_a-__atexit.o) (__call_exitprocs)
/usr/lib/gcc/arm-none-eabi/4.9.3/../../../arm-none-eabi/lib/armv7-m/libc_nano.a(lib_a-ctype_.o)
                              /usr/lib/gcc/arm-none-eabi/4.9.3/../../../arm-none-eabi/lib/armv7-m/libc_nano.a(lib_a-strncasecmp.o) (__ctype_ptr__)
/usr/lib/gcc/arm-none-eabi/4.9.3/../../../arm-none-eabi/lib/armv7-m/libc_nano.a(lib_a-reent.o)
                              /usr/lib/gcc/arm-none-eabi/4.9.3/../../../arm-none-eabi/lib/armv7-m/libc_nano.a(lib_a-sbrkr.o) (errno)
/usr/lib/gcc/arm-none-eabi/4.9.3/../../../arm-none-eabi/lib/armv7-m/libnosys.a(sbrk.o)
                              /usr/lib/gcc/arm-none-eabi/4.9.3/../../../arm-none-eabi/lib/armv7-m/libc_nano.a(lib_a-sbrkr.o) (_sbrk)
/usr/lib/gcc/arm-none-eabi/4.9.3/../../../arm-none-eabi/lib/armv7-m/libnosys.a(_exit.o)
                              /usr/lib/gcc/arm-none-eabi/4.9.3/../../../arm-none-eabi/lib/armv7-m/libc_nano.a(lib_a-exit.o) (_exit)
/usr/lib/gcc/arm-none-eabi/4.9.3/armv7-m/libgcc.a(_lshrdi3.o)
                              build/stm32f1xx_hal_flash.o (__aeabi_llsr)
/usr/lib/gcc/arm-none-eabi/4.9.3/armv7-m/libgcc.a(_ashldi3.o)
                              build/stm32_adafruit_sd.o (__aeabi_llsl)
/usr/lib/gcc/arm-none-eabi/4.9.3/armv7-m/libgcc.a(_aeabi_uldivmod.o)
                              build/smain.o (__aeabi_uldivmod)
/usr/lib/gcc/arm-none-eabi/4.9.3/armv7-m/libgcc.a(_paritysi2.o)
                              build/z80.o (__paritysi2)
/usr/lib/gcc/arm-none-eabi/4.9.3/armv7-m/libgcc.a(bpabi.o)
                              /usr/lib/gcc/arm-none-eabi/4.9.3/armv7-m/libgcc.a(_aeabi_uldivmod.o) (__gnu_uldivmod_helper)
/usr/lib/gcc/arm-none-eabi/4.9.3/armv7-m/libgcc.a(_dvmd_tls.o)
                              /usr/lib/gcc/arm-none-eabi/4.9.3/armv7-m/libgcc.a(_aeabi_uldivmod.o) (__aeabi_ldiv0)
/usr/lib/gcc/arm-none-eabi/4.9.3/armv7-m/libgcc.a(_divdi3.o)
                              /usr/lib/gcc/arm-none-eabi/4.9.3/armv7-m/libgcc.a(bpabi.o) (__divdi3)
/usr/lib/gcc/arm-none-eabi/4.9.3/armv7-m/libgcc.a(_udivdi3.o)
[...]
Memory Configuration

Name             Origin             Length             Attributes
RAM              0x0000000020000000 0x0000000000005000 xrw
FLASH            0x0000000008000000 0x0000000000010000 xr
*default*        0x0000000000000000 0xffffffffffffffff

Linker script and memory map

LOAD /usr/lib/gcc/arm-none-eabi/4.9.3/armv7-m/crti.o
LOAD /usr/lib/gcc/arm-none-eabi/4.9.3/armv7-m/crtbegin.o
LOAD /usr/lib/gcc/arm-none-eabi/4.9.3/../../../arm-none-eabi/lib/armv7-m/crt0.o
LOAD build/stm32f1xx_hal_tim_ex.o
LOAD build/stm32f1xx_hal_spi_ex.o
LOAD build/stm32f1xx_hal_spi.o
LOAD build/stm32f1xx_hal_tim.o
LOAD build/stm32f1xx_hal_flash_ex.o
LOAD build/stm32f1xx_hal_flash.o
LOAD build/stm32f1xx_hal_rcc_ex.o
LOAD build/stm32f1xx_hal_rcc.o
LOAD build/stm32f1xx_hal_rtc_ex.o
LOAD build/stm32f1xx_hal_rtc.o
LOAD build/stm32f1xx_hal_gpio_ex.o
LOAD build/stm32f1xx_hal_gpio.o
LOAD build/stm32f1xx_hal_dma.o
LOAD build/main.o
LOAD build/smain.o
LOAD build/z80.o
LOAD build/core.o
LOAD build/touch.o
LOAD build/main_ROM.o
LOAD build/sd_diskio.o
LOAD build/stm32_adafruit_sd.o
LOAD build/stm32f1xx_it.o
LOAD build/system_stm32f1xx.o
LOAD build/ff_gen_drv.o
LOAD build/stm32f1xx_hal_msp.o
LOAD build/ff.o
LOAD build/stm32f1xx_hal_pwr.o
LOAD build/stm32f1xx_hal_cortex.o
LOAD build/diskio.o
LOAD build/stm32f1xx_hal.o
LOAD build/startup_stm32f103xb.o
LOAD /usr/lib/gcc/arm-none-eabi/4.9.3/../../../arm-none-eabi/lib/armv7-m/libc_nano.a
LOAD /usr/lib/gcc/arm-none-eabi/4.9.3/../../../arm-none-eabi/lib/armv7-m/libm.a
LOAD /usr/lib/gcc/arm-none-eabi/4.9.3/../../../arm-none-eabi/lib/armv7-m/libnosys.a
START GROUP
LOAD /usr/lib/gcc/arm-none-eabi/4.9.3/armv7-m/libgcc.a
LOAD /usr/lib/gcc/arm-none-eabi/4.9.3/../../../arm-none-eabi/lib/armv7-m/libc_nano.a
END GROUP
START GROUP
LOAD /usr/lib/gcc/arm-none-eabi/4.9.3/armv7-m/libgcc.a
LOAD /usr/lib/gcc/arm-none-eabi/4.9.3/../../../arm-none-eabi/lib/armv7-m/libc_nano.a
END GROUP
LOAD /usr/lib/gcc/arm-none-eabi/4.9.3/armv7-m/crtend.o
LOAD /usr/lib/gcc/arm-none-eabi/4.9.3/armv7-m/crtn.o
                0x0000000020005000                _estack = 0x20005000
                0x0000000000000200                _Min_Heap_Size = 0x200
                0x0000000000000400                _Min_Stack_Size = 0x400

.isr_vector     0x0000000008000000      0x10c
                0x0000000008000000                . = ALIGN (0x4)
 *(.isr_vector)
 .isr_vector    0x0000000008000000      0x10c build/startup_stm32f103xb.o
                0x0000000008000000                g_pfnVectors
                0x000000000800010c                . = ALIGN (0x4)

.text           0x000000000800010c     0xb0d8
                0x000000000800010c                . = ALIGN (0x4)
 *(.text)
 .text          0x000000000800010c       0xa4 /usr/lib/gcc/arm-none-eabi/4.9.3/armv7-m/crtbegin.o
 .text          0x00000000080001b0       0x18 /usr/lib/gcc/arm-none-eabi/4.9.3/armv7-m/libgcc.a(_ashldi3.o)
                0x00000000080001b0                __ashldi3
                0x00000000080001b0                __aeabi_llsl
 .text          0x00000000080001c8       0x20 /usr/lib/gcc/arm-none-eabi/4.9.3/armv7-m/libgcc.a(_paritysi2.o)
                0x00000000080001c8                __paritysi2
 *(.text*)
 .text.HAL_SPI_Init
                0x00000000080001e8       0x76 build/stm32f1xx_hal_spi_ex.o
                0x00000000080001e8                HAL_SPI_Init
 .text.SPI_WaitFlagStateUntilTimeout
                0x000000000800025e       0x8c build/stm32f1xx_hal_spi.o
 .text.SPI_CheckFlag_BSY
                0x00000000080002ea       0x20 build/stm32f1xx_hal_spi.o
 .text.HAL_SPI_DeInit
                0x000000000800030a       0x2c build/stm32f1xx_hal_spi.o
                0x000000000800030a                HAL_SPI_DeInit
 .text.HAL_SPI_TransmitReceive
                0x0000000008000336      0x216 build/stm32f1xx_hal_spi.o
                0x0000000008000336                HAL_SPI_TransmitReceive
 .text.HAL_RCCEx_PeriphCLKConfig
                0x000000000800054c       0xf8 build/stm32f1xx_hal_rcc_ex.o
                0x000000000800054c                HAL_RCCEx_PeriphCLKConfig
 .text.HAL_RCCEx_GetPeriphCLKFreq
                0x0000000008000644       0xe8 build/stm32f1xx_hal_rcc_ex.o
                0x0000000008000644                HAL_RCCEx_GetPeriphCLKFreq
 .text.HAL_RCC_OscConfig
                0x000000000800072c      0x31c build/stm32f1xx_hal_rcc.o
                0x000000000800072c                HAL_RCC_OscConfig
 .text.HAL_RCC_GetSysClockFreq
                0x0000000008000a48       0x78 build/stm32f1xx_hal_rcc.o
                0x0000000008000a48                HAL_RCC_GetSysClockFreq
 .text.HAL_RCC_ClockConfig
                0x0000000008000ac0      0x148 build/stm32f1xx_hal_rcc.o
                0x0000000008000ac0                HAL_RCC_ClockConfig
 .text.HAL_RCC_GetHCLKFreq
                0x0000000008000c08        0xc build/stm32f1xx_hal_rcc.o
                0x0000000008000c08                HAL_RCC_GetHCLKFreq
 .text.HAL_RCC_GetPCLK2Freq
                0x0000000008000c14       0x20 build/stm32f1xx_hal_rcc.o
                0x0000000008000c14                HAL_RCC_GetPCLK2Freq
 .text.HAL_RTCEx_BKUPWrite
                0x0000000008000c34       0x10 build/stm32f1xx_hal_rtc_ex.o
                0x0000000008000c34                HAL_RTCEx_BKUPWrite
 .text.HAL_RTCEx_BKUPRead
                0x0000000008000c44       0x10 build/stm32f1xx_hal_rtc_ex.o
                0x0000000008000c44                HAL_RTCEx_BKUPRead
 .text.RTC_ReadTimeCounter
                0x0000000008000c54       0x24 build/stm32f1xx_hal_rtc.o
 .text.RTC_ReadAlarmCounter
                0x0000000008000c78        0xe build/stm32f1xx_hal_rtc.o
 .text.RTC_Bcd2ToByte
                0x0000000008000c86       0x10 build/stm32f1xx_hal_rtc.o
 .text.RTC_WeekDayNum
                0x0000000008000c96       0x6c build/stm32f1xx_hal_rtc.o
 .text.RTC_EnterInitMode
                0x0000000008000d02       0x2e build/stm32f1xx_hal_rtc.o
 .text.RTC_ExitInitMode
                0x0000000008000d30       0x30 build/stm32f1xx_hal_rtc.o
 .text.RTC_WriteTimeCounter
                0x0000000008000d60       0x28 build/stm32f1xx_hal_rtc.o
 .text.RTC_WriteAlarmCounter
                0x0000000008000d88       0x28 build/stm32f1xx_hal_rtc.o
 .text.HAL_RTC_SetTime
                0x0000000008000db0       0xaa build/stm32f1xx_hal_rtc.o
                0x0000000008000db0                HAL_RTC_SetTime
 *fill*         0x0000000008000e5a        0x2 
 .text.HAL_RTC_SetDate
                0x0000000008000e5c       0xc0 build/stm32f1xx_hal_rtc.o
                0x0000000008000e5c                HAL_RTC_SetDate
 .text.HAL_RTC_WaitForSynchro
                0x0000000008000f1c       0x36 build/stm32f1xx_hal_rtc.o
                0x0000000008000f1c                HAL_RTC_WaitForSynchro
 *fill*         0x0000000008000f52        0x2 
 .text.HAL_RTC_Init
                0x0000000008000f54       0xa0 build/stm32f1xx_hal_rtc.o
                0x0000000008000f54                HAL_RTC_Init
 .text.HAL_GPIO_Init
                0x0000000008000ff4      0x18c build/stm32f1xx_hal_gpio.o
                0x0000000008000ff4                HAL_GPIO_Init
 .text.HAL_GPIO_DeInit
                0x0000000008001180       0xd0 build/stm32f1xx_hal_gpio.o
                0x0000000008001180                HAL_GPIO_DeInit
 .text.HAL_GPIO_ReadPin
                0x0000000008001250        0xc build/stm32f1xx_hal_gpio.o
                0x0000000008001250                HAL_GPIO_ReadPin
 .text.HAL_GPIO_WritePin
                0x000000000800125c        0x8 build/stm32f1xx_hal_gpio.o
                0x000000000800125c                HAL_GPIO_WritePin
 .text.SystemClock_Config
                0x0000000008001264       0x84 build/main.o
                0x0000000008001264                SystemClock_Config
 .text.MX_SPI1_Init
                0x00000000080012e8       0x48 build/main.o
                0x00000000080012e8                MX_SPI1_Init
 .text.startup.main
                0x0000000008001330      0x180 build/main.o
                0x0000000008001330                main
 .text.clearAttr
                0x00000000080014b0       0x14 build/smain.o
                0x00000000080014b0                clearAttr
 .text.setAttr  0x00000000080014c4       0x14 build/smain.o
                0x00000000080014c4                setAttr
 .text.clearKeys
                0x00000000080014d8       0x1c build/smain.o
                0x00000000080014d8                clearKeys
 .text.setRes   0x00000000080014f4       0x20 build/smain.o
                0x00000000080014f4                setRes
 .text.keyScan  0x0000000008001514      0x158 build/smain.o
                0x0000000008001514                keyScan
 .text.in       0x000000000800166c       0x4c build/smain.o
                0x000000000800166c                in
 .text.out      0x00000000080016b8       0x28 build/smain.o
                0x00000000080016b8                out
 .text.printNum
                0x00000000080016e0       0x50 build/smain.o
                0x00000000080016e0                printNum
 .text.printNum16_2
                0x0000000008001730       0x20 build/smain.o
                0x0000000008001730                printNum16_2
 .text.paintCross
                0x0000000008001750       0x40 build/smain.o
                0x0000000008001750                paintCross
 .text.clearFullScreen
                0x0000000008001790       0x1e build/smain.o
                0x0000000008001790                clearFullScreen
 *fill*         0x00000000080017ae        0x2 
 .text.initBlocksAndLines
                0x00000000080017b0       0x84 build/smain.o
                0x00000000080017b0                initBlocksAndLines
 .text.findOldestLine
                0x0000000008001834       0x34 build/smain.o
                0x0000000008001834                findOldestLine
 .text.writeCache64bIfmodified
                0x0000000008001868       0x2c build/smain.o
                0x0000000008001868                writeCache64bIfmodified
 .text.readCache64b
                0x0000000008001894       0x28 build/smain.o
                0x0000000008001894                readCache64b
 .text.readByte
                0x00000000080018bc       0x78 build/smain.o
                0x00000000080018bc                readByte
 .text.peek     0x0000000008001934       0x34 build/smain.o
                0x0000000008001934                peek
 .text.peek16   0x0000000008001968       0x1c build/smain.o
                0x0000000008001968                peek16
 .text.writeByte
                0x0000000008001984       0x88 build/smain.o
                0x0000000008001984                writeByte
 .text.poke     0x0000000008001a0c       0x70 build/smain.o
                0x0000000008001a0c                poke
 .text.poke16   0x0000000008001a7c       0x1a build/smain.o
                0x0000000008001a7c                poke16
 *fill*         0x0000000008001a96        0x2 
 .text.readCard
                0x0000000008001a98      0x288 build/smain.o
                0x0000000008001a98                readCard
 .text.minit    0x0000000008001d20       0x50 build/smain.o
                0x0000000008001d20                minit
 .text.mloop    0x0000000008001d70      0x3d4 build/smain.o
                0x0000000008001d70                mloop
 .text.z80_reset
                0x0000000008002144       0x5c build/z80.o
                0x0000000008002144                z80_reset
 .text.z80_run  0x00000000080021a0     0x6488 build/z80.o
                0x00000000080021a0                z80_run
 .text.SPIx_WriteF
                0x0000000008008628       0x14 build/core.o
                0x0000000008008628                SPIx_WriteF
 .text.SPIx_ReadF
                0x000000000800863c       0x14 build/core.o
                0x000000000800863c                SPIx_ReadF
 .text.dmaSendCmdCont
                0x0000000008008650       0x90 build/core.o
                0x0000000008008650                dmaSendCmdCont
 .text.dmaSendDataCont8
                0x00000000080086e0       0x38 build/core.o
                0x00000000080086e0                dmaSendDataCont8
 .text.color_convert
                0x0000000008008718       0x12 build/core.o
                0x0000000008008718                color_convert
 *fill*         0x000000000800872a        0x2 
 .text.dmaSendDataCont16
                0x000000000800872c       0x48 build/core.o
                0x000000000800872c                dmaSendDataCont16
 .text.LCD_reset
                0x0000000008008774       0x30 build/core.o
                0x0000000008008774                LCD_reset
 .text.LCD_exitStandby
                0x00000000080087a4       0x24 build/core.o
                0x00000000080087a4                LCD_exitStandby
 .text.LCD_setOrientation
                0x00000000080087c8       0x50 build/core.o
                0x00000000080087c8                LCD_setOrientation
 .text.LCD_init
                0x0000000008008818       0x78 build/core.o
                0x0000000008008818                LCD_init
 .text.LCD_setAddressWindow
                0x0000000008008890       0x3a build/core.o
                0x0000000008008890                LCD_setAddressWindow
 *fill*         0x00000000080088ca        0x2 
 .text.LCD_Write64bytes
                0x00000000080088cc       0x64 build/core.o
                0x00000000080088cc                LCD_Write64bytes
 .text.LCD_Read64bytes
                0x0000000008008930       0x8c build/core.o
                0x0000000008008930                LCD_Read64bytes
 .text.LCD_Write8x8line
                0x00000000080089bc       0x5c build/core.o
                0x00000000080089bc                LCD_Write8x8line
 .text.LCD_FullRect3
                0x0000000008008a18       0x6c build/core.o
                0x0000000008008a18                LCD_FullRect3
 .text.LCD_FullRect6
                0x0000000008008a84       0x84 build/core.o
                0x0000000008008a84                LCD_FullRect6
 .text.LCD_fillRect
                0x0000000008008b08       0x28 build/core.o
                0x0000000008008b08                LCD_fillRect
 .text.LCD_getWidth
                0x0000000008008b30        0xc build/core.o
                0x0000000008008b30                LCD_getWidth
 .text.LCD_getHeight
                0x0000000008008b3c        0xc build/core.o
                0x0000000008008b3c                LCD_getHeight
 .text.LCD_Draw_Char
                0x0000000008008b48       0xa0 build/core.o
                0x0000000008008b48                LCD_Draw_Char
 .text.LCD_Draw_Text
                0x0000000008008be8       0x3a build/core.o
                0x0000000008008be8                LCD_Draw_Text
 *fill*         0x0000000008008c22        0x2 
 .text.TP_Write
                0x0000000008008c24       0x48 build/touch.o
 .text.TP_Read  0x0000000008008c6c       0x3c build/touch.o
 .text.TP_init_default
                0x0000000008008ca8       0x28 build/touch.o
                0x0000000008008ca8                TP_init_default
 .text.TP_Read_Coordinates
                0x0000000008008cd0      0x118 build/touch.o
                0x0000000008008cd0                TP_Read_Coordinates
 .text.TP_Touchpad_Pressed
                0x0000000008008de8       0x18 build/touch.o
                0x0000000008008de8                TP_Touchpad_Pressed
 .text.SD_initialize
                0x0000000008008e00       0x20 build/sd_diskio.o
                0x0000000008008e00                SD_initialize
 .text.SD_status
                0x0000000008008e20       0x20 build/sd_diskio.o
                0x0000000008008e20                SD_status
 .text.SD_read  0x0000000008008e40       0x2c build/sd_diskio.o
                0x0000000008008e40                SD_read
 .text.SD_write
                0x0000000008008e6c       0x2c build/sd_diskio.o
                0x0000000008008e6c                SD_write
 .text.SD_ioctl
                0x0000000008008e98       0x4c build/sd_diskio.o
                0x0000000008008e98                SD_ioctl
 .text.SPIx_Error1
                0x0000000008008ee4       0x18 build/stm32_adafruit_sd.o
                0x0000000008008ee4                SPIx_Error1
 .text.SPIx_WriteReadData1
                0x0000000008008efc       0x2c build/stm32_adafruit_sd.o
                0x0000000008008efc                SPIx_WriteReadData1
 .text.SD_IO_WriteByte
                0x0000000008008f28       0x1e build/stm32_adafruit_sd.o
                0x0000000008008f28                SD_IO_WriteByte
 .text.SD_ReadData
                0x0000000008008f46       0x18 build/stm32_adafruit_sd.o
 *fill*         0x0000000008008f5e        0x2 
 .text.SD_SendCmd
                0x0000000008008f60       0xfc build/stm32_adafruit_sd.o
 .text.SD_WaitData.constprop.0
                0x000000000800905c       0x26 build/stm32_adafruit_sd.o
 *fill*         0x0000000008009082        0x2 
 .text.SD_IO_Init
                0x0000000008009084       0x30 build/stm32_adafruit_sd.o
                0x0000000008009084                SD_IO_Init
 .text.BSP_SD_Init
                0x00000000080090b4      0x1cc build/stm32_adafruit_sd.o
                0x00000000080090b4                BSP_SD_Init
 .text.BSP_SD_GetCardInfo
                0x0000000008009280      0x390 build/stm32_adafruit_sd.o
                0x0000000008009280                BSP_SD_GetCardInfo
 .text.BSP_SD_ReadBlocks
                0x0000000008009610       0xe0 build/stm32_adafruit_sd.o
                0x0000000008009610                BSP_SD_ReadBlocks
 .text.BSP_SD_WriteBlocks
                0x00000000080096f0      0x124 build/stm32_adafruit_sd.o
                0x00000000080096f0                BSP_SD_WriteBlocks
 .text.BSP_SD_GetCardState
                0x0000000008009814       0x44 build/stm32_adafruit_sd.o
                0x0000000008009814                BSP_SD_GetCardState
 .text.NMI_Handler
                0x0000000008009858        0x2 build/stm32f1xx_it.o
                0x0000000008009858                NMI_Handler
 .text.HardFault_Handler
                0x000000000800985a        0x2 build/stm32f1xx_it.o
                0x000000000800985a                HardFault_Handler
 .text.MemManage_Handler
                0x000000000800985c        0x2 build/stm32f1xx_it.o
                0x000000000800985c                MemManage_Handler
 .text.BusFault_Handler
                0x000000000800985e        0x2 build/stm32f1xx_it.o
                0x000000000800985e                BusFault_Handler
 .text.UsageFault_Handler
                0x0000000008009860        0x2 build/stm32f1xx_it.o
                0x0000000008009860                UsageFault_Handler
 .text.SVC_Handler
                0x0000000008009862        0x2 build/stm32f1xx_it.o
                0x0000000008009862                SVC_Handler
 .text.DebugMon_Handler
                0x0000000008009864        0x2 build/stm32f1xx_it.o
                0x0000000008009864                DebugMon_Handler
 .text.PendSV_Handler
                0x0000000008009866        0x2 build/stm32f1xx_it.o
                0x0000000008009866                PendSV_Handler
 .text.SysTick_Handler
                0x0000000008009868        0xe build/stm32f1xx_it.o
                0x0000000008009868                SysTick_Handler
 *fill*         0x0000000008009876        0x2 
 .text.SystemInit
                0x0000000008009878       0x4c build/system_stm32f1xx.o
                0x0000000008009878                SystemInit
 .text.FATFS_LinkDriverEx
                0x00000000080098c4       0x44 build/ff_gen_drv.o
                0x00000000080098c4                FATFS_LinkDriverEx
 .text.FATFS_LinkDriver
                0x0000000008009908        0x6 build/ff_gen_drv.o
                0x0000000008009908                FATFS_LinkDriver
 *fill*         0x000000000800990e        0x2 
 .text.FATFS_UnLinkDriverEx
                0x0000000008009910       0x30 build/ff_gen_drv.o
                0x0000000008009910                FATFS_UnLinkDriverEx
 .text.FATFS_UnLinkDriver
                0x0000000008009940        0x6 build/ff_gen_drv.o
                0x0000000008009940                FATFS_UnLinkDriver
 *fill*         0x0000000008009946        0x2 
 .text.HAL_MspInit
                0x0000000008009948       0x8c build/stm32f1xx_hal_msp.o
                0x0000000008009948                HAL_MspInit
 .text.HAL_RTC_MspInit
                0x00000000080099d4       0x3c build/stm32f1xx_hal_msp.o
                0x00000000080099d4                HAL_RTC_MspInit
 .text.HAL_SPI_MspInit
                0x0000000008009a10       0x54 build/stm32f1xx_hal_msp.o
                0x0000000008009a10                HAL_SPI_MspInit
 .text.HAL_SPI_MspDeInit
                0x0000000008009a64       0x28 build/stm32f1xx_hal_msp.o
                0x0000000008009a64                HAL_SPI_MspDeInit
 .text.mem_cpy  0x0000000008009a8c       0x14 build/ff.o
 .text.inc_lock
                0x0000000008009aa0       0x90 build/ff.o
 .text.dec_lock
                0x0000000008009b30       0x38 build/ff.o
 .text.get_ldnumber
                0x0000000008009b68       0x32 build/ff.o
 .text.validate
                0x0000000008009b9a       0x30 build/ff.o
 .text.ld_clust.isra.0
                0x0000000008009bca       0x1c build/ff.o
 .text.sync_window
                0x0000000008009be6       0x58 build/ff.o
 .text.move_window
                0x0000000008009c3e       0x3a build/ff.o
 .text.check_fs
                0x0000000008009c78       0x88 build/ff.o
 .text.find_volume
                0x0000000008009d00      0x338 build/ff.o
 .text.clust2sect
                0x000000000800a038       0x1c build/ff.o
                0x000000000800a038                clust2sect
 .text.get_fat  0x000000000800a054       0xc2 build/ff.o
                0x000000000800a054                get_fat
 .text.dir_sdi.constprop.10
                0x000000000800a116       0x7a build/ff.o
 .text.put_fat  0x000000000800a190       0xf0 build/ff.o
                0x000000000800a190                put_fat
 .text.create_chain
                0x000000000800a280       0xb4 build/ff.o
 .text.dir_next
                0x000000000800a334      0x100 build/ff.o
 .text.follow_path
                0x000000000800a434      0x1a8 build/ff.o
 .text.f_mount  0x000000000800a5dc       0x74 build/ff.o
                0x000000000800a5dc                f_mount
 .text.f_open   0x000000000800a650      0x2bc build/ff.o
                0x000000000800a650                f_open
 .text.f_read   0x000000000800a90c      0x12a build/ff.o
                0x000000000800a90c                f_read
 .text.f_sync   0x000000000800aa36      0x13e build/ff.o
                0x000000000800aa36                f_sync
 .text.f_close  0x000000000800ab74       0x1e build/ff.o
                0x000000000800ab74                f_close
 .text.f_opendir
                0x000000000800ab92       0x88 build/ff.o
                0x000000000800ab92                f_opendir
 .text.f_closedir
                0x000000000800ac1a       0x24 build/ff.o
                0x000000000800ac1a                f_closedir
 .text.f_readdir
                0x000000000800ac3e       0xf2 build/ff.o
                0x000000000800ac3e                f_readdir
 .text.HAL_PWR_EnableBkUpAccess
                0x000000000800ad30        0xc build/stm32f1xx_hal_pwr.o
                0x000000000800ad30                HAL_PWR_EnableBkUpAccess
 .text.HAL_NVIC_SetPriorityGrouping
                0x000000000800ad3c       0x24 build/stm32f1xx_hal_cortex.o
                0x000000000800ad3c                HAL_NVIC_SetPriorityGrouping
 .text.HAL_NVIC_SetPriority
                0x000000000800ad60       0x60 build/stm32f1xx_hal_cortex.o
                0x000000000800ad60                HAL_NVIC_SetPriority
 .text.HAL_SYSTICK_Config
                0x000000000800adc0       0x2c build/stm32f1xx_hal_cortex.o
                0x000000000800adc0                HAL_SYSTICK_Config
 .text.HAL_SYSTICK_CLKSourceConfig
                0x000000000800adec       0x18 build/stm32f1xx_hal_cortex.o
                0x000000000800adec                HAL_SYSTICK_CLKSourceConfig
 .text.HAL_SYSTICK_Callback
                0x000000000800ae04        0x2 build/stm32f1xx_hal_cortex.o
                0x000000000800ae04                HAL_SYSTICK_Callback
 .text.HAL_SYSTICK_IRQHandler
                0x000000000800ae06        0x8 build/stm32f1xx_hal_cortex.o
                0x000000000800ae06                HAL_SYSTICK_IRQHandler
 *fill*         0x000000000800ae0e        0x2 
 .text.disk_status
                0x000000000800ae10       0x14 build/diskio.o
                0x000000000800ae10                disk_status
 .text.disk_initialize
                0x000000000800ae24       0x20 build/diskio.o
                0x000000000800ae24                disk_initialize
 .text.disk_read
                0x000000000800ae44       0x1c build/diskio.o
                0x000000000800ae44                disk_read
 .text.disk_write
                0x000000000800ae60       0x1c build/diskio.o
                0x000000000800ae60                disk_write
 .text.disk_ioctl
                0x000000000800ae7c       0x1c build/diskio.o
                0x000000000800ae7c                disk_ioctl
 .text.get_fattime
                0x000000000800ae98        0x4 build/diskio.o
                0x000000000800ae98                get_fattime
 .text.HAL_InitTick
                0x000000000800ae9c       0x48 build/stm32f1xx_hal.o
                0x000000000800ae9c                HAL_InitTick
 .text.HAL_Init
                0x000000000800aee4       0x24 build/stm32f1xx_hal.o
                0x000000000800aee4                HAL_Init
 .text.HAL_IncTick
                0x000000000800af08       0x18 build/stm32f1xx_hal.o
                0x000000000800af08                HAL_IncTick
 .text.HAL_GetTick
                0x000000000800af20        0xc build/stm32f1xx_hal.o
                0x000000000800af20                HAL_GetTick
 .text.HAL_Delay
                0x000000000800af2c       0x24 build/stm32f1xx_hal.o
                0x000000000800af2c                HAL_Delay
 .text.Reset_Handler
                0x000000000800af50       0x48 build/startup_stm32f103xb.o
                0x000000000800af50                Reset_Handler
 .text.Default_Handler
                0x000000000800af98        0x2 build/startup_stm32f103xb.o
                0x000000000800af98                RTC_Alarm_IRQHandler
                0x000000000800af98                EXTI2_IRQHandler
                0x000000000800af98                TIM1_CC_IRQHandler
                0x000000000800af98                PVD_IRQHandler
                0x000000000800af98                EXTI3_IRQHandler
                0x000000000800af98                EXTI0_IRQHandler
                0x000000000800af98                I2C2_EV_IRQHandler
                0x000000000800af98                ADC1_2_IRQHandler
                0x000000000800af98                SPI1_IRQHandler
                0x000000000800af98                TAMPER_IRQHandler
                0x000000000800af98                DMA1_Channel4_IRQHandler
                0x000000000800af98                USART3_IRQHandler
                0x000000000800af98                RTC_IRQHandler
                0x000000000800af98                DMA1_Channel7_IRQHandler
                0x000000000800af98                CAN1_RX1_IRQHandler
                0x000000000800af98                TIM4_IRQHandler
                0x000000000800af98                I2C1_EV_IRQHandler
                0x000000000800af98                DMA1_Channel6_IRQHandler
                0x000000000800af98                TIM3_IRQHandler
                0x000000000800af98                RCC_IRQHandler
                0x000000000800af98                TIM1_TRG_COM_IRQHandler
                0x000000000800af98                DMA1_Channel1_IRQHandler
                0x000000000800af98                Default_Handler
                0x000000000800af98                EXTI15_10_IRQHandler
                0x000000000800af98                EXTI9_5_IRQHandler
                0x000000000800af98                SPI2_IRQHandler
                0x000000000800af98                DMA1_Channel5_IRQHandler
                0x000000000800af98                EXTI4_IRQHandler
                0x000000000800af98                USB_LP_CAN1_RX0_IRQHandler
                0x000000000800af98                USB_HP_CAN1_TX_IRQHandler
                0x000000000800af98                DMA1_Channel3_IRQHandler
                0x000000000800af98                TIM1_UP_IRQHandler
                0x000000000800af98                WWDG_IRQHandler
                0x000000000800af98                TIM2_IRQHandler
                0x000000000800af98                TIM1_BRK_IRQHandler
                0x000000000800af98                EXTI1_IRQHandler
                0x000000000800af98                USART2_IRQHandler
                0x000000000800af98                I2C2_ER_IRQHandler
                0x000000000800af98                DMA1_Channel2_IRQHandler
                0x000000000800af98                CAN1_SCE_IRQHandler
                0x000000000800af98                FLASH_IRQHandler
                0x000000000800af98                USART1_IRQHandler
                0x000000000800af98                I2C1_ER_IRQHandler
                0x000000000800af98                USBWakeUp_IRQHandler
 *fill*         0x000000000800af9a        0x2 
 .text.__libc_init_array
                0x000000000800af9c       0x4c /usr/lib/gcc/arm-none-eabi/4.9.3/../../../arm-none-eabi/lib/armv7-m/libc_nano.a(lib_a-init.o)
                0x000000000800af9c                __libc_init_array
 .text.malloc   0x000000000800afe8       0x10 /usr/lib/gcc/arm-none-eabi/4.9.3/../../../arm-none-eabi/lib/armv7-m/libc_nano.a(lib_a-malloc.o)
                0x000000000800afe8                malloc
 .text.free     0x000000000800aff8       0x10 /usr/lib/gcc/arm-none-eabi/4.9.3/../../../arm-none-eabi/lib/armv7-m/libc_nano.a(lib_a-malloc.o)
                0x000000000800aff8                free
 .text.memset   0x000000000800b008       0x10 /usr/lib/gcc/arm-none-eabi/4.9.3/../../../arm-none-eabi/lib/armv7-m/libc_nano.a(lib_a-memset.o)
                0x000000000800b008                memset
 .text._free_r  0x000000000800b018       0x88 /usr/lib/gcc/arm-none-eabi/4.9.3/../../../arm-none-eabi/lib/armv7-m/libc_nano.a(lib_a-nano-freer.o)
                0x000000000800b018                _free_r
 .text._malloc_r
                0x000000000800b0a0       0xac /usr/lib/gcc/arm-none-eabi/4.9.3/../../../arm-none-eabi/lib/armv7-m/libc_nano.a(lib_a-nano-mallocr.o)
                0x000000000800b0a0                _malloc_r
 .text._sbrk_r  0x000000000800b14c       0x20 /usr/lib/gcc/arm-none-eabi/4.9.3/../../../arm-none-eabi/lib/armv7-m/libc_nano.a(lib_a-sbrkr.o)
                0x000000000800b14c                _sbrk_r
 .text.strncasecmp
                0x000000000800b16c       0x44 /usr/lib/gcc/arm-none-eabi/4.9.3/../../../arm-none-eabi/lib/armv7-m/libc_nano.a(lib_a-strncasecmp.o)
                0x000000000800b16c                strncasecmp
 .text._sbrk    0x000000000800b1b0       0x1c /usr/lib/gcc/arm-none-eabi/4.9.3/../../../arm-none-eabi/lib/armv7-m/libnosys.a(sbrk.o)
                0x000000000800b1b0                _sbrk
 *(.glue_7)
 .glue_7        0x000000000800b1cc        0x0 linker stubs
 *(.glue_7t)
 .glue_7t       0x000000000800b1cc        0x0 linker stubs
 *(.eh_frame)
 .eh_frame      0x000000000800b1cc        0x0 /usr/lib/gcc/arm-none-eabi/4.9.3/armv7-m/crtbegin.o
 *(.init)
 .init          0x000000000800b1cc        0x4 /usr/lib/gcc/arm-none-eabi/4.9.3/armv7-m/crti.o
                0x000000000800b1cc                _init
 .init          0x000000000800b1d0        0x8 /usr/lib/gcc/arm-none-eabi/4.9.3/armv7-m/crtn.o
 *(.fini)
 .fini          0x000000000800b1d8        0x4 /usr/lib/gcc/arm-none-eabi/4.9.3/armv7-m/crti.o
                0x000000000800b1d8                _fini
 .fini          0x000000000800b1dc        0x8 /usr/lib/gcc/arm-none-eabi/4.9.3/armv7-m/crtn.o
                0x000000000800b1e4                . = ALIGN (0x4)
                0x000000000800b1e4                _etext = .

.vfp11_veneer   0x000000000800b1e4        0x0
 .vfp11_veneer  0x000000000800b1e4        0x0 linker stubs

.v4_bx          0x000000000800b1e4        0x0
 .v4_bx         0x000000000800b1e4        0x0 linker stubs

.iplt           0x000000000800b1e4        0x0
 .iplt          0x000000000800b1e4        0x0 /usr/lib/gcc/arm-none-eabi/4.9.3/armv7-m/crtbegin.o

.rodata         0x000000000800b1e4     0x44b4
                0x000000000800b1e4                . = ALIGN (0x4)
 *(.rodata)
 .rodata        0x000000000800b1e4       0x12 build/stm32f1xx_hal_rcc_ex.o
 .rodata        0x000000000800b1f6       0x12 build/stm32f1xx_hal_rcc.o
 *(.rodata*)
 .rodata.str1.1
                0x000000000800b208       0x4a build/smain.o
 .rodata.overflow_add_table
                0x000000000800b252        0x8 build/z80.o
 .rodata.sz53p_table
                0x000000000800b25a      0x100 build/z80.o
 .rodata.sz53_table
                0x000000000800b35a      0x100 build/z80.o
 .rodata.halfcarry_sub_table
                0x000000000800b45a        0x8 build/z80.o
 .rodata.overflow_sub_table
                0x000000000800b462        0x8 build/z80.o
 .rodata.halfcarry_add_table
                0x000000000800b46a        0x8 build/z80.o
 .rodata.init_commands
                0x000000000800b472       0x63 build/core.o
 .rodata.ROM    0x000000000800b4d5     0x4000 build/main_ROM.o
                0x000000000800b4d5                ROM
 *fill*         0x000000000800f4d5        0x3 
 .rodata.SD_Driver
                0x000000000800f4d8       0x14 build/sd_diskio.o
                0x000000000800f4d8                SD_Driver
 .rodata.AHBPrescTable
                0x000000000800f4ec       0x10 build/system_stm32f1xx.o
                0x000000000800f4ec                AHBPrescTable
 .rodata.APBPrescTable
                0x000000000800f4fc        0x8 build/system_stm32f1xx.o
                0x000000000800f4fc                APBPrescTable
 .rodata.str1.1
                0x000000000800f504        0xf build/ff.o
 .rodata.ExCvt  0x000000000800f513       0x80 build/ff.o
 .rodata.str1.1
                0x000000000800f593        0x2 /usr/lib/gcc/arm-none-eabi/4.9.3/../../../arm-none-eabi/lib/armv7-m/libc_nano.a(lib_a-impure.o)
 .rodata._ctype_
                0x000000000800f595      0x101 /usr/lib/gcc/arm-none-eabi/4.9.3/../../../arm-none-eabi/lib/armv7-m/libc_nano.a(lib_a-ctype_.o)
                0x000000000800f595                _ctype_
                0x000000000800f698                . = ALIGN (0x4)
 *fill*         0x000000000800f696        0x2 

.rel.dyn        0x000000000800f698        0x0
 .rel.iplt      0x000000000800f698        0x0 /usr/lib/gcc/arm-none-eabi/4.9.3/armv7-m/crtbegin.o

.ARM.extab
 *(.ARM.extab* .gnu.linkonce.armextab.*)

.ARM            0x000000000800f698        0x0
                0x000000000800f698                __exidx_start = .
 *(.ARM.exidx*)
                0x000000000800f698                __exidx_end = .

.preinit_array  0x000000000800f698        0x0
                0x000000000800f698                PROVIDE (__preinit_array_start, .)
 *(.preinit_array*)
                0x000000000800f698                PROVIDE (__preinit_array_end, .)

.init_array     0x000000000800f698        0x4
                0x000000000800f698                PROVIDE (__init_array_start, .)
 *(SORT(.init_array.*))
 *(.init_array*)
 .init_array    0x000000000800f698        0x4 /usr/lib/gcc/arm-none-eabi/4.9.3/armv7-m/crtbegin.o
                0x000000000800f69c                PROVIDE (__init_array_end, .)

.fini_array     0x000000000800f69c        0x4
                0x000000000800f69c                PROVIDE (__fini_array_start, .)
 *(SORT(.fini_array.*))
 *(.fini_array*)
 .fini_array    0x000000000800f69c        0x4 /usr/lib/gcc/arm-none-eabi/4.9.3/armv7-m/crtbegin.o
                0x000000000800f6a0                PROVIDE (__fini_array_end, .)
                0x000000000800f6a0                _sidata = LOADADDR (.data)

.data           0x0000000020000000       0x90 load address 0x000000000800f6a0
                0x0000000020000000                . = ALIGN (0x4)
                0x0000000020000000                _sdata = .
 *(.data)
 *(.data*)
 .data.old_border.7887
                0x0000000020000000        0x2 build/smain.o
 *fill*         0x0000000020000002        0x2 
 .data.tickperv
                0x0000000020000004        0x4 build/smain.o
                0x0000000020000004                tickperv
 .data.IsPressed
                0x0000000020000008        0x8 build/smain.o
                0x0000000020000008                IsPressed
 .data.flagg    0x0000000020000010        0x4 build/smain.o
                0x0000000020000010                flagg
 .data.screen_height
                0x0000000020000014        0x2 build/core.o
 .data.screen_width
                0x0000000020000016        0x2 build/core.o
 .data.Stat     0x0000000020000018        0x1 build/sd_diskio.o
 *fill*         0x0000000020000019        0x3 
 .data.SystemCoreClock
                0x000000002000001c        0x4 build/system_stm32f1xx.o
                0x000000002000001c                SystemCoreClock
 .data.uwTickPrio
                0x0000000020000020        0x4 build/stm32f1xx_hal.o
                0x0000000020000020                uwTickPrio
 .data.uwTickFreq
                0x0000000020000024        0x1 build/stm32f1xx_hal.o
                0x0000000020000024                uwTickFreq
 *fill*         0x0000000020000025        0x3 
 .data.impure_data
                0x0000000020000028       0x60 /usr/lib/gcc/arm-none-eabi/4.9.3/../../../arm-none-eabi/lib/armv7-m/libc_nano.a(lib_a-impure.o)
 .data._impure_ptr
                0x0000000020000088        0x4 /usr/lib/gcc/arm-none-eabi/4.9.3/../../../arm-none-eabi/lib/armv7-m/libc_nano.a(lib_a-impure.o)
                0x0000000020000088                _impure_ptr
 .data.__ctype_ptr__
                0x000000002000008c        0x4 /usr/lib/gcc/arm-none-eabi/4.9.3/../../../arm-none-eabi/lib/armv7-m/libc_nano.a(lib_a-ctype_.o)
                0x000000002000008c                __ctype_ptr__
                0x0000000020000090                . = ALIGN (0x4)
                0x0000000020000090                _edata = .

.jcr            0x0000000020000090        0x0 load address 0x000000000800f730
 .jcr           0x0000000020000090        0x0 /usr/lib/gcc/arm-none-eabi/4.9.3/armv7-m/crtbegin.o

.tm_clone_table
                0x0000000020000090        0x0 load address 0x000000000800f730
 .tm_clone_table
                0x0000000020000090        0x0 /usr/lib/gcc/arm-none-eabi/4.9.3/armv7-m/crtbegin.o
 .tm_clone_table
                0x0000000020000090        0x0 /usr/lib/gcc/arm-none-eabi/4.9.3/armv7-m/crtend.o

.igot.plt       0x0000000020000090        0x0 load address 0x000000000800f730
 .igot.plt      0x0000000020000090        0x0 /usr/lib/gcc/arm-none-eabi/4.9.3/armv7-m/crtbegin.o
                0x0000000020000090                . = ALIGN (0x4)

.bss            0x0000000020000090     0x4200 load address 0x000000000800f730
                0x0000000020000090                _sbss = .
                0x0000000020000090                __bss_start__ = _sbss
 *(.bss)
 .bss           0x0000000020000090       0x1c /usr/lib/gcc/arm-none-eabi/4.9.3/armv7-m/crtbegin.o
 *(.bss*)
 .bss.buffer.7674
                0x00000000200000ac        0x3 build/smain.o
 *fill*         0x00000000200000af        0x1 
 .bss.inPause   0x00000000200000b0        0x4 build/smain.o
                0x00000000200000b0                inPause
 .bss.joystickMode
                0x00000000200000b4        0x4 build/smain.o
                0x00000000200000b4                joystickMode
 .bss.Kempston  0x00000000200000b8        0x1 build/smain.o
                0x00000000200000b8                Kempston
 .bss.buffer.7648
                0x00000000200000b9       0x20 build/smain.o
 *fill*         0x00000000200000d9        0x3 
 .bss.timeTick  0x00000000200000dc        0x4 build/smain.o
                0x00000000200000dc                timeTick
 .bss.tstates   0x00000000200000e0        0x4 build/z80.o
                0x00000000200000e0                tstates
 .bss.SdStatus  0x00000000200000e4        0x1 build/stm32_adafruit_sd.o
                0x00000000200000e4                SdStatus
 *fill*         0x00000000200000e5        0x1 
 .bss.flag_SDHC
                0x00000000200000e6        0x2 build/stm32_adafruit_sd.o
                0x00000000200000e6                flag_SDHC
 .bss.disk      0x00000000200000e8        0xc build/ff_gen_drv.o
                0x00000000200000e8                disk
 .bss.Fsid      0x00000000200000f4        0x2 build/ff.o
 *fill*         0x00000000200000f6        0x2 
 .bss.Files     0x00000000200000f8       0x18 build/ff.o
 .bss.FatFs     0x0000000020000110        0x4 build/ff.o
 .bss.__malloc_sbrk_start
                0x0000000020000114        0x4 /usr/lib/gcc/arm-none-eabi/4.9.3/../../../arm-none-eabi/lib/armv7-m/libc_nano.a(lib_a-nano-mallocr.o)
                0x0000000020000114                __malloc_sbrk_start
 .bss.__malloc_free_list
                0x0000000020000118        0x4 /usr/lib/gcc/arm-none-eabi/4.9.3/../../../arm-none-eabi/lib/armv7-m/libc_nano.a(lib_a-nano-mallocr.o)
                0x0000000020000118                __malloc_free_list
 .bss.heap_end.4079
                0x000000002000011c        0x4 /usr/lib/gcc/arm-none-eabi/4.9.3/../../../arm-none-eabi/lib/armv7-m/libnosys.a(sbrk.o)
 *(COMMON)
 COMMON         0x0000000020000120       0x6c build/main.o
                0x0000000020000120                hrtc
                0x0000000020000134                hspi1
 COMMON         0x000000002000018c     0x40a8 build/smain.o
                0x000000002000018c                border
                0x000000002000018e                Blocks
                0x0000000020000bde                VIDEO_RAM
                0x00000000200023de                SD_Path
                0x00000000200023e4                Lines
                0x0000000020003ca4                ATTR_RAM_MOD
                0x0000000020003d04                ATTR_RAM
                0x0000000020004004                SD_FatFs
 COMMON         0x0000000020004234       0x39 build/z80.o
                0x0000000020004234                reg_
                0x000000002000423c                reg
                0x0000000020004254                interrupts_enabled_at
                0x0000000020004258                IFlags
                0x000000002000426c                d
 *fill*         0x000000002000426d        0x3 
 COMMON         0x0000000020004270       0x18 build/touch.o
                0x0000000020004270                TouchCalibration
 COMMON         0x0000000020004288        0x4 build/stm32f1xx_hal.o
                0x0000000020004288                uwTick
 COMMON         0x000000002000428c        0x4 /usr/lib/gcc/arm-none-eabi/4.9.3/../../../arm-none-eabi/lib/armv7-m/libc_nano.a(lib_a-reent.o)
                0x000000002000428c                errno
                0x0000000020004290                . = ALIGN (0x4)
                0x0000000020004290                _ebss = .
                0x0000000020004290                __bss_end__ = _ebss

._user_heap_stack
                0x0000000020004290      0x600 load address 0x000000000800f730
                0x0000000020004290                . = ALIGN (0x8)
                0x0000000020004290                PROVIDE (end, .)
                [!provide]                        PROVIDE (_end, .)
                0x0000000020004490                . = (. + _Min_Heap_Size)
 *fill*         0x0000000020004290      0x200 
                0x0000000020004890                . = (. + _Min_Stack_Size)
 *fill*         0x0000000020004490      0x400 
                0x0000000020004890                . = ALIGN (0x8)

/DISCARD/
 libc.a(*)
 libm.a(*)
 libgcc.a(*)

.ARM.attributes
                0x0000000000000000       0x29
 *(.ARM.attributes)
 .ARM.attributes
                0x0000000000000000       0x1d /usr/lib/gcc/arm-none-eabi/4.9.3/armv7-m/crti.o
 .ARM.attributes
                0x000000000000001d       0x2d /usr/lib/gcc/arm-none-eabi/4.9.3/armv7-m/crtbegin.o
 .ARM.attributes
                0x000000000000004a       0x33 build/stm32f1xx_hal_spi_ex.o
 .ARM.attributes
                0x000000000000007d       0x33 build/stm32f1xx_hal_spi.o
 .ARM.attributes
                0x00000000000000b0       0x33 build/stm32f1xx_hal_rcc_ex.o
 .ARM.attributes
                0x00000000000000e3       0x33 build/stm32f1xx_hal_rcc.o
 .ARM.attributes
                0x0000000000000116       0x33 build/stm32f1xx_hal_rtc_ex.o
 .ARM.attributes
                0x0000000000000149       0x33 build/stm32f1xx_hal_rtc.o
 .ARM.attributes
                0x000000000000017c       0x33 build/stm32f1xx_hal_gpio.o
 .ARM.attributes
                0x00000000000001af       0x33 build/main.o
 .ARM.attributes
                0x00000000000001e2       0x33 build/smain.o
 .ARM.attributes
                0x0000000000000215       0x33 build/z80.o
 .ARM.attributes
                0x0000000000000248       0x33 build/core.o
 .ARM.attributes
                0x000000000000027b       0x33 build/touch.o
 .ARM.attributes
                0x00000000000002ae       0x33 build/main_ROM.o
 .ARM.attributes
                0x00000000000002e1       0x33 build/sd_diskio.o
 .ARM.attributes
                0x0000000000000314       0x33 build/stm32_adafruit_sd.o
 .ARM.attributes
                0x0000000000000347       0x33 build/stm32f1xx_it.o
 .ARM.attributes
                0x000000000000037a       0x33 build/system_stm32f1xx.o
 .ARM.attributes
                0x00000000000003ad       0x33 build/ff_gen_drv.o
 .ARM.attributes
                0x00000000000003e0       0x33 build/stm32f1xx_hal_msp.o
 .ARM.attributes
                0x0000000000000413       0x33 build/ff.o
 .ARM.attributes
                0x0000000000000446       0x33 build/stm32f1xx_hal_pwr.o
 .ARM.attributes
                0x0000000000000479       0x33 build/stm32f1xx_hal_cortex.o
 .ARM.attributes
                0x00000000000004ac       0x33 build/diskio.o
 .ARM.attributes
                0x00000000000004df       0x33 build/stm32f1xx_hal.o
 .ARM.attributes
                0x0000000000000512       0x21 build/startup_stm32f103xb.o
 .ARM.attributes
                0x0000000000000533       0x2d /usr/lib/gcc/arm-none-eabi/4.9.3/../../../arm-none-eabi/lib/armv7-m/libc_nano.a(lib_a-impure.o)
 .ARM.attributes
                0x0000000000000560       0x2d /usr/lib/gcc/arm-none-eabi/4.9.3/../../../arm-none-eabi/lib/armv7-m/libc_nano.a(lib_a-init.o)
 .ARM.attributes
                0x000000000000058d       0x2d /usr/lib/gcc/arm-none-eabi/4.9.3/../../../arm-none-eabi/lib/armv7-m/libc_nano.a(lib_a-malloc.o)
 .ARM.attributes
                0x00000000000005ba       0x2d /usr/lib/gcc/arm-none-eabi/4.9.3/../../../arm-none-eabi/lib/armv7-m/libc_nano.a(lib_a-memset.o)
 .ARM.attributes
                0x00000000000005e7       0x2d /usr/lib/gcc/arm-none-eabi/4.9.3/../../../arm-none-eabi/lib/armv7-m/libc_nano.a(lib_a-nano-freer.o)
 .ARM.attributes
                0x0000000000000614       0x2d /usr/lib/gcc/arm-none-eabi/4.9.3/../../../arm-none-eabi/lib/armv7-m/libc_nano.a(lib_a-nano-mallocr.o)
 .ARM.attributes
                0x0000000000000641       0x2d /usr/lib/gcc/arm-none-eabi/4.9.3/../../../arm-none-eabi/lib/armv7-m/libc_nano.a(lib_a-sbrkr.o)
 .ARM.attributes
                0x000000000000066e       0x2d /usr/lib/gcc/arm-none-eabi/4.9.3/../../../arm-none-eabi/lib/armv7-m/libc_nano.a(lib_a-strncasecmp.o)
 .ARM.attributes
                0x000000000000069b       0x2d /usr/lib/gcc/arm-none-eabi/4.9.3/../../../arm-none-eabi/lib/armv7-m/libc_nano.a(lib_a-ctype_.o)
 .ARM.attributes
                0x00000000000006c8       0x2d /usr/lib/gcc/arm-none-eabi/4.9.3/../../../arm-none-eabi/lib/armv7-m/libc_nano.a(lib_a-reent.o)
 .ARM.attributes
                0x00000000000006f5       0x2d /usr/lib/gcc/arm-none-eabi/4.9.3/../../../arm-none-eabi/lib/armv7-m/libnosys.a(sbrk.o)
 .ARM.attributes
                0x0000000000000722       0x1d /usr/lib/gcc/arm-none-eabi/4.9.3/armv7-m/libgcc.a(_ashldi3.o)
 .ARM.attributes
                0x000000000000073f       0x2d /usr/lib/gcc/arm-none-eabi/4.9.3/armv7-m/libgcc.a(_paritysi2.o)
 .ARM.attributes
                0x000000000000076c       0x2d /usr/lib/gcc/arm-none-eabi/4.9.3/armv7-m/crtend.o
 .ARM.attributes
                0x0000000000000799       0x1d /usr/lib/gcc/arm-none-eabi/4.9.3/armv7-m/crtn.o
OUTPUT(build/spessi1.elf elf32-littlearm)

.comment        0x0000000000000000       0x70
 .comment       0x0000000000000000       0x38 /usr/lib/gcc/arm-none-eabi/4.9.3/armv7-m/crtbegin.o
                                         0x39 (size before relaxing)
 .comment       0x0000000000000038       0x39 build/stm32f1xx_hal_spi_ex.o
 .comment       0x0000000000000038       0x39 build/stm32f1xx_hal_spi.o
 .comment       0x0000000000000038       0x39 build/stm32f1xx_hal_rcc_ex.o
 .comment       0x0000000000000038       0x39 build/stm32f1xx_hal_rcc.o
 .comment       0x0000000000000038       0x39 build/stm32f1xx_hal_rtc_ex.o
 .comment       0x0000000000000038       0x39 build/stm32f1xx_hal_rtc.o
 .comment       0x0000000000000038       0x39 build/stm32f1xx_hal_gpio.o
 .comment       0x0000000000000038       0x39 build/main.o
 .comment       0x0000000000000038       0x39 build/smain.o
 .comment       0x0000000000000038       0x39 build/z80.o
 .comment       0x0000000000000038       0x39 build/core.o
 .comment       0x0000000000000038       0x39 build/touch.o
 .comment       0x0000000000000038       0x39 build/main_ROM.o
 .comment       0x0000000000000038       0x39 build/sd_diskio.o
 .comment       0x0000000000000038       0x39 build/stm32_adafruit_sd.o
 .comment       0x0000000000000038       0x39 build/stm32f1xx_it.o
 .comment       0x0000000000000038       0x39 build/system_stm32f1xx.o
 .comment       0x0000000000000038       0x39 build/ff_gen_drv.o
 .comment       0x0000000000000038       0x39 build/stm32f1xx_hal_msp.o
 .comment       0x0000000000000038       0x39 build/ff.o
 .comment       0x0000000000000038       0x39 build/stm32f1xx_hal_pwr.o
 .comment       0x0000000000000038       0x39 build/stm32f1xx_hal_cortex.o
 .comment       0x0000000000000038       0x39 build/diskio.o
 .comment       0x0000000000000038       0x39 build/stm32f1xx_hal.o
 .comment       0x0000000000000038       0x38 /usr/lib/gcc/arm-none-eabi/4.9.3/../../../arm-none-eabi/lib/armv7-m/libc_nano.a(lib_a-impure.o)
                                         0x39 (size before relaxing)
 .comment       0x0000000000000070       0x39 /usr/lib/gcc/arm-none-eabi/4.9.3/../../../arm-none-eabi/lib/armv7-m/libc_nano.a(lib_a-init.o)
 .comment       0x0000000000000070       0x39 /usr/lib/gcc/arm-none-eabi/4.9.3/../../../arm-none-eabi/lib/armv7-m/libc_nano.a(lib_a-malloc.o)
 .comment       0x0000000000000070       0x39 /usr/lib/gcc/arm-none-eabi/4.9.3/../../../arm-none-eabi/lib/armv7-m/libc_nano.a(lib_a-memset.o)
 .comment       0x0000000000000070       0x39 /usr/lib/gcc/arm-none-eabi/4.9.3/../../../arm-none-eabi/lib/armv7-m/libc_nano.a(lib_a-nano-freer.o)
 .comment       0x0000000000000070       0x39 /usr/lib/gcc/arm-none-eabi/4.9.3/../../../arm-none-eabi/lib/armv7-m/libc_nano.a(lib_a-nano-mallocr.o)
 .comment       0x0000000000000070       0x39 /usr/lib/gcc/arm-none-eabi/4.9.3/../../../arm-none-eabi/lib/armv7-m/libc_nano.a(lib_a-sbrkr.o)
 .comment       0x0000000000000070       0x39 /usr/lib/gcc/arm-none-eabi/4.9.3/../../../arm-none-eabi/lib/armv7-m/libc_nano.a(lib_a-strncasecmp.o)
 .comment       0x0000000000000070       0x39 /usr/lib/gcc/arm-none-eabi/4.9.3/../../../arm-none-eabi/lib/armv7-m/libc_nano.a(lib_a-ctype_.o)
 .comment       0x0000000000000070       0x39 /usr/lib/gcc/arm-none-eabi/4.9.3/../../../arm-none-eabi/lib/armv7-m/libc_nano.a(lib_a-reent.o)
 .comment       0x0000000000000070       0x39 /usr/lib/gcc/arm-none-eabi/4.9.3/../../../arm-none-eabi/lib/armv7-m/libnosys.a(sbrk.o)
 .comment       0x0000000000000070       0x39 /usr/lib/gcc/arm-none-eabi/4.9.3/armv7-m/libgcc.a(_paritysi2.o)
 .comment       0x0000000000000070       0x39 /usr/lib/gcc/arm-none-eabi/4.9.3/armv7-m/crtend.o

.debug_info     0x0000000000000000     0x3705
 .debug_info    0x0000000000000000      0x7d3 /usr/lib/gcc/arm-none-eabi/4.9.3/../../../arm-none-eabi/lib/armv7-m/libc_nano.a(lib_a-impure.o)
 .debug_info    0x00000000000007d3      0x105 /usr/lib/gcc/arm-none-eabi/4.9.3/../../../arm-none-eabi/lib/armv7-m/libc_nano.a(lib_a-init.o)
 .debug_info    0x00000000000008d8      0x7c1 /usr/lib/gcc/arm-none-eabi/4.9.3/../../../arm-none-eabi/lib/armv7-m/libc_nano.a(lib_a-malloc.o)
 .debug_info    0x0000000000001099       0xd3 /usr/lib/gcc/arm-none-eabi/4.9.3/../../../arm-none-eabi/lib/armv7-m/libc_nano.a(lib_a-memset.o)
 .debug_info    0x000000000000116c      0x81a /usr/lib/gcc/arm-none-eabi/4.9.3/../../../arm-none-eabi/lib/armv7-m/libc_nano.a(lib_a-nano-freer.o)
 .debug_info    0x0000000000001986      0x8fb /usr/lib/gcc/arm-none-eabi/4.9.3/../../../arm-none-eabi/lib/armv7-m/libc_nano.a(lib_a-nano-mallocr.o)
 .debug_info    0x0000000000002281      0x7a0 /usr/lib/gcc/arm-none-eabi/4.9.3/../../../arm-none-eabi/lib/armv7-m/libc_nano.a(lib_a-sbrkr.o)
 .debug_info    0x0000000000002a21      0x169 /usr/lib/gcc/arm-none-eabi/4.9.3/../../../arm-none-eabi/lib/armv7-m/libc_nano.a(lib_a-strncasecmp.o)
 .debug_info    0x0000000000002b8a       0x6f /usr/lib/gcc/arm-none-eabi/4.9.3/../../../arm-none-eabi/lib/armv7-m/libc_nano.a(lib_a-ctype_.o)
 .debug_info    0x0000000000002bf9      0x8fb /usr/lib/gcc/arm-none-eabi/4.9.3/../../../arm-none-eabi/lib/armv7-m/libc_nano.a(lib_a-reent.o)
 .debug_info    0x00000000000034f4       0x99 /usr/lib/gcc/arm-none-eabi/4.9.3/../../../arm-none-eabi/lib/armv7-m/libnosys.a(sbrk.o)
 .debug_info    0x000000000000358d       0xb9 /usr/lib/gcc/arm-none-eabi/4.9.3/armv7-m/libgcc.a(_ashldi3.o)
 .debug_info    0x0000000000003646       0xbf /usr/lib/gcc/arm-none-eabi/4.9.3/armv7-m/libgcc.a(_paritysi2.o)

.debug_abbrev   0x0000000000000000      0xdad
 .debug_abbrev  0x0000000000000000      0x136 /usr/lib/gcc/arm-none-eabi/4.9.3/../../../arm-none-eabi/lib/armv7-m/libc_nano.a(lib_a-impure.o)
 .debug_abbrev  0x0000000000000136       0xba /usr/lib/gcc/arm-none-eabi/4.9.3/../../../arm-none-eabi/lib/armv7-m/libc_nano.a(lib_a-init.o)
 .debug_abbrev  0x00000000000001f0      0x19f /usr/lib/gcc/arm-none-eabi/4.9.3/../../../arm-none-eabi/lib/armv7-m/libc_nano.a(lib_a-malloc.o)
 .debug_abbrev  0x000000000000038f       0x8e /usr/lib/gcc/arm-none-eabi/4.9.3/../../../arm-none-eabi/lib/armv7-m/libc_nano.a(lib_a-memset.o)
 .debug_abbrev  0x000000000000041d      0x1b6 /usr/lib/gcc/arm-none-eabi/4.9.3/../../../arm-none-eabi/lib/armv7-m/libc_nano.a(lib_a-nano-freer.o)
 .debug_abbrev  0x00000000000005d3      0x250 /usr/lib/gcc/arm-none-eabi/4.9.3/../../../arm-none-eabi/lib/armv7-m/libc_nano.a(lib_a-nano-mallocr.o)
 .debug_abbrev  0x0000000000000823      0x1a2 /usr/lib/gcc/arm-none-eabi/4.9.3/../../../arm-none-eabi/lib/armv7-m/libc_nano.a(lib_a-sbrkr.o)
 .debug_abbrev  0x00000000000009c5       0xb1 /usr/lib/gcc/arm-none-eabi/4.9.3/../../../arm-none-eabi/lib/armv7-m/libc_nano.a(lib_a-strncasecmp.o)
 .debug_abbrev  0x0000000000000a76       0x4e /usr/lib/gcc/arm-none-eabi/4.9.3/../../../arm-none-eabi/lib/armv7-m/libc_nano.a(lib_a-ctype_.o)
 .debug_abbrev  0x0000000000000ac4      0x1f2 /usr/lib/gcc/arm-none-eabi/4.9.3/../../../arm-none-eabi/lib/armv7-m/libc_nano.a(lib_a-reent.o)
 .debug_abbrev  0x0000000000000cb6       0x83 /usr/lib/gcc/arm-none-eabi/4.9.3/../../../arm-none-eabi/lib/armv7-m/libnosys.a(sbrk.o)
 .debug_abbrev  0x0000000000000d39       0x14 /usr/lib/gcc/arm-none-eabi/4.9.3/armv7-m/libgcc.a(_ashldi3.o)
 .debug_abbrev  0x0000000000000d4d       0x60 /usr/lib/gcc/arm-none-eabi/4.9.3/armv7-m/libgcc.a(_paritysi2.o)

.debug_aranges  0x0000000000000000      0x1a0
 .debug_aranges
                0x0000000000000000       0x18 /usr/lib/gcc/arm-none-eabi/4.9.3/../../../arm-none-eabi/lib/armv7-m/libc_nano.a(lib_a-impure.o)
 .debug_aranges
                0x0000000000000018       0x20 /usr/lib/gcc/arm-none-eabi/4.9.3/../../../arm-none-eabi/lib/armv7-m/libc_nano.a(lib_a-init.o)
 .debug_aranges
                0x0000000000000038       0x28 /usr/lib/gcc/arm-none-eabi/4.9.3/../../../arm-none-eabi/lib/armv7-m/libc_nano.a(lib_a-malloc.o)
 .debug_aranges
                0x0000000000000060       0x20 /usr/lib/gcc/arm-none-eabi/4.9.3/../../../arm-none-eabi/lib/armv7-m/libc_nano.a(lib_a-memset.o)
 .debug_aranges
                0x0000000000000080       0x20 /usr/lib/gcc/arm-none-eabi/4.9.3/../../../arm-none-eabi/lib/armv7-m/libc_nano.a(lib_a-nano-freer.o)
 .debug_aranges
                0x00000000000000a0       0x20 /usr/lib/gcc/arm-none-eabi/4.9.3/../../../arm-none-eabi/lib/armv7-m/libc_nano.a(lib_a-nano-mallocr.o)
 .debug_aranges
                0x00000000000000c0       0x20 /usr/lib/gcc/arm-none-eabi/4.9.3/../../../arm-none-eabi/lib/armv7-m/libc_nano.a(lib_a-sbrkr.o)
 .debug_aranges
                0x00000000000000e0       0x20 /usr/lib/gcc/arm-none-eabi/4.9.3/../../../arm-none-eabi/lib/armv7-m/libc_nano.a(lib_a-strncasecmp.o)
 .debug_aranges
                0x0000000000000100       0x18 /usr/lib/gcc/arm-none-eabi/4.9.3/../../../arm-none-eabi/lib/armv7-m/libc_nano.a(lib_a-ctype_.o)
 .debug_aranges
                0x0000000000000118       0x28 /usr/lib/gcc/arm-none-eabi/4.9.3/../../../arm-none-eabi/lib/armv7-m/libc_nano.a(lib_a-reent.o)
 .debug_aranges
                0x0000000000000140       0x20 /usr/lib/gcc/arm-none-eabi/4.9.3/../../../arm-none-eabi/lib/armv7-m/libnosys.a(sbrk.o)
 .debug_aranges
                0x0000000000000160       0x20 /usr/lib/gcc/arm-none-eabi/4.9.3/armv7-m/libgcc.a(_ashldi3.o)
 .debug_aranges
                0x0000000000000180       0x20 /usr/lib/gcc/arm-none-eabi/4.9.3/armv7-m/libgcc.a(_paritysi2.o)

.debug_line     0x0000000000000000      0xc8c
 .debug_line    0x0000000000000000       0xf1 /usr/lib/gcc/arm-none-eabi/4.9.3/../../../arm-none-eabi/lib/armv7-m/libc_nano.a(lib_a-impure.o)
 .debug_line    0x00000000000000f1       0xb7 /usr/lib/gcc/arm-none-eabi/4.9.3/../../../arm-none-eabi/lib/armv7-m/libc_nano.a(lib_a-init.o)
 .debug_line    0x00000000000001a8      0x16e /usr/lib/gcc/arm-none-eabi/4.9.3/../../../arm-none-eabi/lib/armv7-m/libc_nano.a(lib_a-malloc.o)
 .debug_line    0x0000000000000316       0xee /usr/lib/gcc/arm-none-eabi/4.9.3/../../../arm-none-eabi/lib/armv7-m/libc_nano.a(lib_a-memset.o)
 .debug_line    0x0000000000000404      0x145 /usr/lib/gcc/arm-none-eabi/4.9.3/../../../arm-none-eabi/lib/armv7-m/libc_nano.a(lib_a-nano-freer.o)
 .debug_line    0x0000000000000549      0x199 /usr/lib/gcc/arm-none-eabi/4.9.3/../../../arm-none-eabi/lib/armv7-m/libc_nano.a(lib_a-nano-mallocr.o)
 .debug_line    0x00000000000006e2      0x162 /usr/lib/gcc/arm-none-eabi/4.9.3/../../../arm-none-eabi/lib/armv7-m/libc_nano.a(lib_a-sbrkr.o)
 .debug_line    0x0000000000000844      0x110 /usr/lib/gcc/arm-none-eabi/4.9.3/../../../arm-none-eabi/lib/armv7-m/libc_nano.a(lib_a-strncasecmp.o)
 .debug_line    0x0000000000000954       0x72 /usr/lib/gcc/arm-none-eabi/4.9.3/../../../arm-none-eabi/lib/armv7-m/libc_nano.a(lib_a-ctype_.o)
 .debug_line    0x00000000000009c6      0x19e /usr/lib/gcc/arm-none-eabi/4.9.3/../../../arm-none-eabi/lib/armv7-m/libc_nano.a(lib_a-reent.o)
 .debug_line    0x0000000000000b64       0x58 /usr/lib/gcc/arm-none-eabi/4.9.3/../../../arm-none-eabi/lib/armv7-m/libnosys.a(sbrk.o)
 .debug_line    0x0000000000000bbc       0x69 /usr/lib/gcc/arm-none-eabi/4.9.3/armv7-m/libgcc.a(_ashldi3.o)
 .debug_line    0x0000000000000c25       0x67 /usr/lib/gcc/arm-none-eabi/4.9.3/armv7-m/libgcc.a(_paritysi2.o)

.debug_str      0x0000000000000000      0xc3e
 .debug_str     0x0000000000000000      0x4ff /usr/lib/gcc/arm-none-eabi/4.9.3/../../../arm-none-eabi/lib/armv7-m/libc_nano.a(lib_a-impure.o)
                                        0x57a (size before relaxing)
 .debug_str     0x00000000000004ff       0xf8 /usr/lib/gcc/arm-none-eabi/4.9.3/../../../arm-none-eabi/lib/armv7-m/libc_nano.a(lib_a-init.o)
                                        0x231 (size before relaxing)
 .debug_str     0x00000000000005f7       0xbd /usr/lib/gcc/arm-none-eabi/4.9.3/../../../arm-none-eabi/lib/armv7-m/libc_nano.a(lib_a-malloc.o)
                                        0x54f (size before relaxing)
 .debug_str     0x00000000000006b4       0x9f /usr/lib/gcc/arm-none-eabi/4.9.3/../../../arm-none-eabi/lib/armv7-m/libc_nano.a(lib_a-memset.o)
                                        0x1d2 (size before relaxing)
 .debug_str     0x0000000000000753       0x90 /usr/lib/gcc/arm-none-eabi/4.9.3/../../../arm-none-eabi/lib/armv7-m/libc_nano.a(lib_a-nano-freer.o)
                                        0x593 (size before relaxing)
 .debug_str     0x00000000000007e3       0x50 /usr/lib/gcc/arm-none-eabi/4.9.3/../../../arm-none-eabi/lib/armv7-m/libc_nano.a(lib_a-nano-mallocr.o)
                                        0x5c8 (size before relaxing)
 .debug_str     0x0000000000000833       0x37 /usr/lib/gcc/arm-none-eabi/4.9.3/../../../arm-none-eabi/lib/armv7-m/libc_nano.a(lib_a-sbrkr.o)
                                        0x532 (size before relaxing)
 .debug_str     0x000000000000086a       0x57 /usr/lib/gcc/arm-none-eabi/4.9.3/../../../arm-none-eabi/lib/armv7-m/libc_nano.a(lib_a-strncasecmp.o)
                                        0x1f4 (size before relaxing)
 .debug_str     0x00000000000008c1       0x9e /usr/lib/gcc/arm-none-eabi/4.9.3/../../../arm-none-eabi/lib/armv7-m/libc_nano.a(lib_a-ctype_.o)
                                        0x154 (size before relaxing)
 .debug_str     0x000000000000095f       0x58 /usr/lib/gcc/arm-none-eabi/4.9.3/../../../arm-none-eabi/lib/armv7-m/libc_nano.a(lib_a-reent.o)
                                        0x55a (size before relaxing)
 .debug_str     0x00000000000009b7      0x109 /usr/lib/gcc/arm-none-eabi/4.9.3/../../../arm-none-eabi/lib/armv7-m/libnosys.a(sbrk.o)
                                        0x122 (size before relaxing)
 .debug_str     0x0000000000000ac0      0x17e /usr/lib/gcc/arm-none-eabi/4.9.3/armv7-m/libgcc.a(_paritysi2.o)
                                        0x214 (size before relaxing)

.debug_loc      0x0000000000000000      0x8d1
 .debug_loc     0x0000000000000000       0x48 /usr/lib/gcc/arm-none-eabi/4.9.3/../../../arm-none-eabi/lib/armv7-m/libc_nano.a(lib_a-init.o)
 .debug_loc     0x0000000000000048       0x58 /usr/lib/gcc/arm-none-eabi/4.9.3/../../../arm-none-eabi/lib/armv7-m/libc_nano.a(lib_a-malloc.o)
 .debug_loc     0x00000000000000a0       0x49 /usr/lib/gcc/arm-none-eabi/4.9.3/../../../arm-none-eabi/lib/armv7-m/libc_nano.a(lib_a-memset.o)
 .debug_loc     0x00000000000000e9      0x172 /usr/lib/gcc/arm-none-eabi/4.9.3/../../../arm-none-eabi/lib/armv7-m/libc_nano.a(lib_a-nano-freer.o)
 .debug_loc     0x000000000000025b      0x304 /usr/lib/gcc/arm-none-eabi/4.9.3/../../../arm-none-eabi/lib/armv7-m/libc_nano.a(lib_a-nano-mallocr.o)
 .debug_loc     0x000000000000055f       0x4d /usr/lib/gcc/arm-none-eabi/4.9.3/../../../arm-none-eabi/lib/armv7-m/libc_nano.a(lib_a-sbrkr.o)
 .debug_loc     0x00000000000005ac      0x198 /usr/lib/gcc/arm-none-eabi/4.9.3/../../../arm-none-eabi/lib/armv7-m/libc_nano.a(lib_a-strncasecmp.o)
 .debug_loc     0x0000000000000744       0xfa /usr/lib/gcc/arm-none-eabi/4.9.3/../../../arm-none-eabi/lib/armv7-m/libc_nano.a(lib_a-reent.o)
 .debug_loc     0x000000000000083e       0x21 /usr/lib/gcc/arm-none-eabi/4.9.3/../../../arm-none-eabi/lib/armv7-m/libnosys.a(sbrk.o)
 .debug_loc     0x000000000000085f       0x72 /usr/lib/gcc/arm-none-eabi/4.9.3/armv7-m/libgcc.a(_paritysi2.o)

.debug_ranges   0x0000000000000000      0x130
 .debug_ranges  0x0000000000000000       0x10 /usr/lib/gcc/arm-none-eabi/4.9.3/../../../arm-none-eabi/lib/armv7-m/libc_nano.a(lib_a-init.o)
 .debug_ranges  0x0000000000000010       0x18 /usr/lib/gcc/arm-none-eabi/4.9.3/../../../arm-none-eabi/lib/armv7-m/libc_nano.a(lib_a-malloc.o)
 .debug_ranges  0x0000000000000028       0x10 /usr/lib/gcc/arm-none-eabi/4.9.3/../../../arm-none-eabi/lib/armv7-m/libc_nano.a(lib_a-memset.o)
 .debug_ranges  0x0000000000000038       0x28 /usr/lib/gcc/arm-none-eabi/4.9.3/../../../arm-none-eabi/lib/armv7-m/libc_nano.a(lib_a-nano-freer.o)
 .debug_ranges  0x0000000000000060       0x28 /usr/lib/gcc/arm-none-eabi/4.9.3/../../../arm-none-eabi/lib/armv7-m/libc_nano.a(lib_a-nano-mallocr.o)
 .debug_ranges  0x0000000000000088       0x10 /usr/lib/gcc/arm-none-eabi/4.9.3/../../../arm-none-eabi/lib/armv7-m/libc_nano.a(lib_a-sbrkr.o)
 .debug_ranges  0x0000000000000098       0x70 /usr/lib/gcc/arm-none-eabi/4.9.3/../../../arm-none-eabi/lib/armv7-m/libc_nano.a(lib_a-strncasecmp.o)
 .debug_ranges  0x0000000000000108       0x18 /usr/lib/gcc/arm-none-eabi/4.9.3/../../../arm-none-eabi/lib/armv7-m/libc_nano.a(lib_a-reent.o)
 .debug_ranges  0x0000000000000120       0x10 /usr/lib/gcc/arm-none-eabi/4.9.3/../../../arm-none-eabi/lib/armv7-m/libnosys.a(sbrk.o)

.debug_frame    0x0000000000000000      0x1c8
 .debug_frame   0x0000000000000000       0x2c /usr/lib/gcc/arm-none-eabi/4.9.3/../../../arm-none-eabi/lib/armv7-m/libc_nano.a(lib_a-init.o)
 .debug_frame   0x000000000000002c       0x30 /usr/lib/gcc/arm-none-eabi/4.9.3/../../../arm-none-eabi/lib/armv7-m/libc_nano.a(lib_a-malloc.o)
 .debug_frame   0x000000000000005c       0x20 /usr/lib/gcc/arm-none-eabi/4.9.3/../../../arm-none-eabi/lib/armv7-m/libc_nano.a(lib_a-memset.o)
 .debug_frame   0x000000000000007c       0x2c /usr/lib/gcc/arm-none-eabi/4.9.3/../../../arm-none-eabi/lib/armv7-m/libc_nano.a(lib_a-nano-freer.o)
 .debug_frame   0x00000000000000a8       0x2c /usr/lib/gcc/arm-none-eabi/4.9.3/../../../arm-none-eabi/lib/armv7-m/libc_nano.a(lib_a-nano-mallocr.o)
 .debug_frame   0x00000000000000d4       0x2c /usr/lib/gcc/arm-none-eabi/4.9.3/../../../arm-none-eabi/lib/armv7-m/libc_nano.a(lib_a-sbrkr.o)
 .debug_frame   0x0000000000000100       0x2c /usr/lib/gcc/arm-none-eabi/4.9.3/../../../arm-none-eabi/lib/armv7-m/libc_nano.a(lib_a-strncasecmp.o)
 .debug_frame   0x000000000000012c       0x5c /usr/lib/gcc/arm-none-eabi/4.9.3/../../../arm-none-eabi/lib/armv7-m/libc_nano.a(lib_a-reent.o)
 .debug_frame   0x0000000000000188       0x20 /usr/lib/gcc/arm-none-eabi/4.9.3/../../../arm-none-eabi/lib/armv7-m/libnosys.a(sbrk.o)
 .debug_frame   0x00000000000001a8       0x20 /usr/lib/gcc/arm-none-eabi/4.9.3/armv7-m/libgcc.a(_paritysi2.o)

Cross Reference Table

Symbol                                            File
ADC1_2_IRQHandler                                 build/startup_stm32f103xb.o
AHBPrescTable                                     build/system_stm32f1xx.o
                                                  build/stm32f1xx_hal_rcc.o
APBPrescTable                                     build/system_stm32f1xx.o
                                                  build/stm32f1xx_hal_rcc.o
ATTR_RAM                                          build/smain.o
ATTR_RAM_MOD                                      build/smain.o
BSP_SD_Erase                                      build/stm32_adafruit_sd.o
BSP_SD_GetCardInfo                                build/stm32_adafruit_sd.o
                                                  build/sd_diskio.o
BSP_SD_GetCardState                               build/stm32_adafruit_sd.o
                                                  build/sd_diskio.o
BSP_SD_Init                                       build/stm32_adafruit_sd.o
                                                  build/sd_diskio.o
                                                  build/smain.o
BSP_SD_ReadBlocks                                 build/stm32_adafruit_sd.o
                                                  build/sd_diskio.o
BSP_SD_WriteBlocks                                build/stm32_adafruit_sd.o
                                                  build/sd_diskio.o
Blocks                                            build/smain.o
BusFault_Handler                                  build/stm32f1xx_it.o
CAN1_RX1_IRQHandler                               build/startup_stm32f103xb.o
CAN1_SCE_IRQHandler                               build/startup_stm32f103xb.o
DMA1_Channel1_IRQHandler                          build/startup_stm32f103xb.o
DMA1_Channel2_IRQHandler                          build/startup_stm32f103xb.o
DMA1_Channel3_IRQHandler                          build/startup_stm32f103xb.o
DMA1_Channel4_IRQHandler                          build/startup_stm32f103xb.o
DMA1_Channel5_IRQHandler                          build/startup_stm32f103xb.o
DMA1_Channel6_IRQHandler                          build/startup_stm32f103xb.o
DMA1_Channel7_IRQHandler                          build/startup_stm32f103xb.o
DebugMon_Handler                                  build/stm32f1xx_it.o
Default_Handler                                   build/startup_stm32f103xb.o
EXTI0_IRQHandler                                  build/startup_stm32f103xb.o
EXTI15_10_IRQHandler                              build/startup_stm32f103xb.o
EXTI1_IRQHandler                                  build/startup_stm32f103xb.o
EXTI2_IRQHandler                                  build/startup_stm32f103xb.o
EXTI3_IRQHandler                                  build/startup_stm32f103xb.o
EXTI4_IRQHandler                                  build/startup_stm32f103xb.o
EXTI9_5_IRQHandler                                build/startup_stm32f103xb.o
FATFS_GetAttachedDriversNbr                       build/ff_gen_drv.o
FATFS_LinkDriver                                  build/ff_gen_drv.o
                                                  build/smain.o
FATFS_LinkDriverEx                                build/ff_gen_drv.o
FATFS_UnLinkDriver                                build/ff_gen_drv.o
                                                  build/smain.o
FATFS_UnLinkDriverEx                              build/ff_gen_drv.o
FLASH_IRQHandler                                  build/startup_stm32f103xb.o
FLASH_PageErase                                   build/stm32f1xx_hal_flash_ex.o
                                                  build/stm32f1xx_hal_flash.o
FLASH_WaitForLastOperation                        build/stm32f1xx_hal_flash.o
                                                  build/stm32f1xx_hal_flash_ex.o
HAL_DBGMCU_DisableDBGSleepMode                    build/stm32f1xx_hal.o
HAL_DBGMCU_DisableDBGStandbyMode                  build/stm32f1xx_hal.o
HAL_DBGMCU_DisableDBGStopMode                     build/stm32f1xx_hal.o
HAL_DBGMCU_EnableDBGSleepMode                     build/stm32f1xx_hal.o
HAL_DBGMCU_EnableDBGStandbyMode                   build/stm32f1xx_hal.o
HAL_DBGMCU_EnableDBGStopMode                      build/stm32f1xx_hal.o
HAL_DMA_Abort                                     build/stm32f1xx_hal_dma.o
                                                  build/stm32f1xx_hal_spi.o
HAL_DMA_Abort_IT                                  build/stm32f1xx_hal_dma.o
                                                  build/stm32f1xx_hal_spi.o
HAL_DMA_DeInit                                    build/stm32f1xx_hal_dma.o
HAL_DMA_GetError                                  build/stm32f1xx_hal_dma.o
HAL_DMA_GetState                                  build/stm32f1xx_hal_dma.o
HAL_DMA_IRQHandler                                build/stm32f1xx_hal_dma.o
HAL_DMA_Init                                      build/stm32f1xx_hal_dma.o
HAL_DMA_PollForTransfer                           build/stm32f1xx_hal_dma.o
HAL_DMA_RegisterCallback                          build/stm32f1xx_hal_dma.o
HAL_DMA_Start                                     build/stm32f1xx_hal_dma.o
HAL_DMA_Start_IT                                  build/stm32f1xx_hal_dma.o
                                                  build/stm32f1xx_hal_spi.o
HAL_DMA_UnRegisterCallback                        build/stm32f1xx_hal_dma.o
HAL_DeInit                                        build/stm32f1xx_hal.o
HAL_Delay                                         build/stm32f1xx_hal.o
                                                  build/stm32_adafruit_sd.o
                                                  build/core.o
                                                  build/smain.o
HAL_FLASHEx_Erase                                 build/stm32f1xx_hal_flash_ex.o
HAL_FLASHEx_Erase_IT                              build/stm32f1xx_hal_flash_ex.o
HAL_FLASHEx_OBErase                               build/stm32f1xx_hal_flash_ex.o
HAL_FLASHEx_OBGetConfig                           build/stm32f1xx_hal_flash_ex.o
HAL_FLASHEx_OBGetUserData                         build/stm32f1xx_hal_flash_ex.o
HAL_FLASHEx_OBProgram                             build/stm32f1xx_hal_flash_ex.o
HAL_FLASH_EndOfOperationCallback                  build/stm32f1xx_hal_flash.o
HAL_FLASH_GetError                                build/stm32f1xx_hal_flash.o
HAL_FLASH_IRQHandler                              build/stm32f1xx_hal_flash.o
HAL_FLASH_Lock                                    build/stm32f1xx_hal_flash.o
HAL_FLASH_OB_Launch                               build/stm32f1xx_hal_flash.o
HAL_FLASH_OB_Lock                                 build/stm32f1xx_hal_flash.o
HAL_FLASH_OB_Unlock                               build/stm32f1xx_hal_flash.o
HAL_FLASH_OperationErrorCallback                  build/stm32f1xx_hal_flash.o
HAL_FLASH_Program                                 build/stm32f1xx_hal_flash.o
HAL_FLASH_Program_IT                              build/stm32f1xx_hal_flash.o
HAL_FLASH_Unlock                                  build/stm32f1xx_hal_flash.o
HAL_GPIOEx_ConfigEventout                         build/stm32f1xx_hal_gpio_ex.o
HAL_GPIOEx_DisableEventout                        build/stm32f1xx_hal_gpio_ex.o
HAL_GPIOEx_EnableEventout                         build/stm32f1xx_hal_gpio_ex.o
HAL_GPIO_DeInit                                   build/stm32f1xx_hal_gpio.o
                                                  build/stm32f1xx_hal_msp.o
HAL_GPIO_EXTI_Callback                            build/stm32f1xx_hal_gpio.o
HAL_GPIO_EXTI_IRQHandler                          build/stm32f1xx_hal_gpio.o
HAL_GPIO_Init                                     build/stm32f1xx_hal_gpio.o
                                                  build/stm32f1xx_hal_msp.o
                                                  build/touch.o
                                                  build/main.o
                                                  build/stm32f1xx_hal_rcc.o
HAL_GPIO_LockPin                                  build/stm32f1xx_hal_gpio.o
HAL_GPIO_ReadPin                                  build/stm32f1xx_hal_gpio.o
                                                  build/touch.o
HAL_GPIO_TogglePin                                build/stm32f1xx_hal_gpio.o
HAL_GPIO_WritePin                                 build/stm32f1xx_hal_gpio.o
                                                  build/stm32_adafruit_sd.o
                                                  build/touch.o
                                                  build/main.o
HAL_GetDEVID                                      build/stm32f1xx_hal.o
HAL_GetHalVersion                                 build/stm32f1xx_hal.o
HAL_GetREVID                                      build/stm32f1xx_hal.o
HAL_GetTick                                       build/stm32f1xx_hal.o
                                                  build/smain.o
                                                  build/stm32f1xx_hal_dma.o
                                                  build/stm32f1xx_hal_rtc.o
                                                  build/stm32f1xx_hal_rtc_ex.o
                                                  build/stm32f1xx_hal_rcc.o
                                                  build/stm32f1xx_hal_rcc_ex.o
                                                  build/stm32f1xx_hal_flash.o
                                                  build/stm32f1xx_hal_spi.o
HAL_GetTickFreq                                   build/stm32f1xx_hal.o
HAL_GetTickPrio                                   build/stm32f1xx_hal.o
HAL_GetUID                                        build/stm32f1xx_hal.o
HAL_IncTick                                       build/stm32f1xx_hal.o
                                                  build/stm32f1xx_it.o
HAL_Init                                          build/stm32f1xx_hal.o
                                                  build/main.o
HAL_InitTick                                      build/stm32f1xx_hal.o
                                                  build/stm32f1xx_hal_rcc.o
HAL_MspDeInit                                     build/stm32f1xx_hal.o
HAL_MspInit                                       build/stm32f1xx_hal_msp.o
HAL_NVIC_ClearPendingIRQ                          build/stm32f1xx_hal_cortex.o
HAL_NVIC_DisableIRQ                               build/stm32f1xx_hal_cortex.o
HAL_NVIC_EnableIRQ                                build/stm32f1xx_hal_cortex.o
HAL_NVIC_GetActive                                build/stm32f1xx_hal_cortex.o
HAL_NVIC_GetPendingIRQ                            build/stm32f1xx_hal_cortex.o
HAL_NVIC_GetPriority                              build/stm32f1xx_hal_cortex.o
HAL_NVIC_GetPriorityGrouping                      build/stm32f1xx_hal_cortex.o
HAL_NVIC_SetPendingIRQ                            build/stm32f1xx_hal_cortex.o
HAL_NVIC_SetPriority                              build/stm32f1xx_hal_cortex.o
                                                  build/stm32f1xx_hal.o
                                                  build/stm32f1xx_hal_msp.o
                                                  build/main.o
HAL_NVIC_SetPriorityGrouping                      build/stm32f1xx_hal_cortex.o
                                                  build/stm32f1xx_hal.o
                                                  build/stm32f1xx_hal_msp.o
HAL_NVIC_SystemReset                              build/stm32f1xx_hal_cortex.o
                                                  build/stm32f1xx_hal_flash.o
HAL_PWR_ConfigPVD                                 build/stm32f1xx_hal_pwr.o
HAL_PWR_DeInit                                    build/stm32f1xx_hal_pwr.o
HAL_PWR_DisableBkUpAccess                         build/stm32f1xx_hal_pwr.o
HAL_PWR_DisablePVD                                build/stm32f1xx_hal_pwr.o
HAL_PWR_DisableSEVOnPend                          build/stm32f1xx_hal_pwr.o
HAL_PWR_DisableSleepOnExit                        build/stm32f1xx_hal_pwr.o
HAL_PWR_DisableWakeUpPin                          build/stm32f1xx_hal_pwr.o
HAL_PWR_EnableBkUpAccess                          build/stm32f1xx_hal_pwr.o
                                                  build/stm32f1xx_hal_msp.o
HAL_PWR_EnablePVD                                 build/stm32f1xx_hal_pwr.o
HAL_PWR_EnableSEVOnPend                           build/stm32f1xx_hal_pwr.o
HAL_PWR_EnableSleepOnExit                         build/stm32f1xx_hal_pwr.o
HAL_PWR_EnableWakeUpPin                           build/stm32f1xx_hal_pwr.o
HAL_PWR_EnterSLEEPMode                            build/stm32f1xx_hal_pwr.o
HAL_PWR_EnterSTANDBYMode                          build/stm32f1xx_hal_pwr.o
HAL_PWR_EnterSTOPMode                             build/stm32f1xx_hal_pwr.o
HAL_PWR_PVDCallback                               build/stm32f1xx_hal_pwr.o
HAL_PWR_PVD_IRQHandler                            build/stm32f1xx_hal_pwr.o
HAL_RCCEx_GetPeriphCLKConfig                      build/stm32f1xx_hal_rcc_ex.o
HAL_RCCEx_GetPeriphCLKFreq                        build/stm32f1xx_hal_rcc_ex.o
                                                  build/stm32f1xx_hal_rtc.o
HAL_RCCEx_PeriphCLKConfig                         build/stm32f1xx_hal_rcc_ex.o
                                                  build/main.o
HAL_RCC_CSSCallback                               build/stm32f1xx_hal_rcc.o
HAL_RCC_ClockConfig                               build/stm32f1xx_hal_rcc.o
                                                  build/main.o
HAL_RCC_DeInit                                    build/stm32f1xx_hal_rcc.o
HAL_RCC_DisableCSS                                build/stm32f1xx_hal_rcc.o
HAL_RCC_EnableCSS                                 build/stm32f1xx_hal_rcc.o
HAL_RCC_GetClockConfig                            build/stm32f1xx_hal_rcc.o
HAL_RCC_GetHCLKFreq                               build/stm32f1xx_hal_rcc.o
                                                  build/main.o
HAL_RCC_GetOscConfig                              build/stm32f1xx_hal_rcc.o
HAL_RCC_GetPCLK1Freq                              build/stm32f1xx_hal_rcc.o
HAL_RCC_GetPCLK2Freq                              build/stm32f1xx_hal_rcc.o
                                                  build/stm32f1xx_hal_rcc_ex.o
HAL_RCC_GetSysClockFreq                           build/stm32f1xx_hal_rcc.o
HAL_RCC_MCOConfig                                 build/stm32f1xx_hal_rcc.o
HAL_RCC_NMI_IRQHandler                            build/stm32f1xx_hal_rcc.o
HAL_RCC_OscConfig                                 build/stm32f1xx_hal_rcc.o
                                                  build/main.o
HAL_RTCEx_BKUPRead                                build/stm32f1xx_hal_rtc_ex.o
                                                  build/main.o
HAL_RTCEx_BKUPWrite                               build/stm32f1xx_hal_rtc_ex.o
                                                  build/main.o
HAL_RTCEx_DeactivateSecond                        build/stm32f1xx_hal_rtc_ex.o
HAL_RTCEx_DeactivateTamper                        build/stm32f1xx_hal_rtc_ex.o
HAL_RTCEx_PollForTamper1Event                     build/stm32f1xx_hal_rtc_ex.o
HAL_RTCEx_RTCEventCallback                        build/stm32f1xx_hal_rtc_ex.o
HAL_RTCEx_RTCEventErrorCallback                   build/stm32f1xx_hal_rtc_ex.o
HAL_RTCEx_RTCIRQHandler                           build/stm32f1xx_hal_rtc_ex.o
HAL_RTCEx_SetSecond_IT                            build/stm32f1xx_hal_rtc_ex.o
HAL_RTCEx_SetSmoothCalib                          build/stm32f1xx_hal_rtc_ex.o
HAL_RTCEx_SetTamper                               build/stm32f1xx_hal_rtc_ex.o
HAL_RTCEx_SetTamper_IT                            build/stm32f1xx_hal_rtc_ex.o
HAL_RTCEx_Tamper1EventCallback                    build/stm32f1xx_hal_rtc_ex.o
HAL_RTCEx_TamperIRQHandler                        build/stm32f1xx_hal_rtc_ex.o
HAL_RTC_AlarmAEventCallback                       build/stm32f1xx_hal_rtc.o
HAL_RTC_AlarmIRQHandler                           build/stm32f1xx_hal_rtc.o
HAL_RTC_DeInit                                    build/stm32f1xx_hal_rtc.o
HAL_RTC_DeactivateAlarm                           build/stm32f1xx_hal_rtc.o
HAL_RTC_GetAlarm                                  build/stm32f1xx_hal_rtc.o
HAL_RTC_GetDate                                   build/stm32f1xx_hal_rtc.o
HAL_RTC_GetState                                  build/stm32f1xx_hal_rtc.o
HAL_RTC_GetTime                                   build/stm32f1xx_hal_rtc.o
HAL_RTC_Init                                      build/stm32f1xx_hal_rtc.o
                                                  build/main.o
HAL_RTC_MspDeInit                                 build/stm32f1xx_hal_msp.o
                                                  build/stm32f1xx_hal_rtc.o
HAL_RTC_MspInit                                   build/stm32f1xx_hal_msp.o
                                                  build/stm32f1xx_hal_rtc.o
HAL_RTC_PollForAlarmAEvent                        build/stm32f1xx_hal_rtc.o
HAL_RTC_SetAlarm                                  build/stm32f1xx_hal_rtc.o
HAL_RTC_SetAlarm_IT                               build/stm32f1xx_hal_rtc.o
HAL_RTC_SetDate                                   build/stm32f1xx_hal_rtc.o
                                                  build/main.o
HAL_RTC_SetTime                                   build/stm32f1xx_hal_rtc.o
                                                  build/main.o
HAL_RTC_WaitForSynchro                            build/stm32f1xx_hal_rtc.o
HAL_ResumeTick                                    build/stm32f1xx_hal.o
HAL_SPI_Abort                                     build/stm32f1xx_hal_spi.o
HAL_SPI_AbortCpltCallback                         build/stm32f1xx_hal_spi.o
HAL_SPI_Abort_IT                                  build/stm32f1xx_hal_spi.o
HAL_SPI_DMAPause                                  build/stm32f1xx_hal_spi.o
HAL_SPI_DMAResume                                 build/stm32f1xx_hal_spi.o
HAL_SPI_DMAStop                                   build/stm32f1xx_hal_spi.o
HAL_SPI_DeInit                                    build/stm32f1xx_hal_spi.o
                                                  build/stm32_adafruit_sd.o
                                                  build/touch.o
                                                  build/core.o
                                                  build/smain.o
HAL_SPI_ErrorCallback                             build/stm32f1xx_hal_spi.o
HAL_SPI_GetError                                  build/stm32f1xx_hal_spi.o
HAL_SPI_GetState                                  build/stm32f1xx_hal_spi.o
HAL_SPI_IRQHandler                                build/stm32f1xx_hal_spi.o
HAL_SPI_Init                                      build/stm32f1xx_hal_spi_ex.o
                                                  build/main.o
HAL_SPI_MspDeInit                                 build/stm32f1xx_hal_msp.o
                                                  build/stm32f1xx_hal_spi.o
HAL_SPI_MspInit                                   build/stm32f1xx_hal_msp.o
                                                  build/stm32f1xx_hal_spi.o
                                                  build/stm32f1xx_hal_spi_ex.o
HAL_SPI_Receive                                   build/stm32f1xx_hal_spi.o
HAL_SPI_Receive_DMA                               build/stm32f1xx_hal_spi.o
HAL_SPI_Receive_IT                                build/stm32f1xx_hal_spi.o
HAL_SPI_RxCpltCallback                            build/stm32f1xx_hal_spi.o
HAL_SPI_RxHalfCpltCallback                        build/stm32f1xx_hal_spi.o
HAL_SPI_Transmit                                  build/stm32f1xx_hal_spi.o
                                                  build/stm32_adafruit_sd.o
HAL_SPI_TransmitReceive                           build/stm32f1xx_hal_spi.o
                                                  build/stm32_adafruit_sd.o
HAL_SPI_TransmitReceive_DMA                       build/stm32f1xx_hal_spi.o
HAL_SPI_TransmitReceive_IT                        build/stm32f1xx_hal_spi.o
HAL_SPI_Transmit_DMA                              build/stm32f1xx_hal_spi.o
HAL_SPI_Transmit_IT                               build/stm32f1xx_hal_spi.o
HAL_SPI_TxCpltCallback                            build/stm32f1xx_hal_spi.o
HAL_SPI_TxHalfCpltCallback                        build/stm32f1xx_hal_spi.o
HAL_SPI_TxRxCpltCallback                          build/stm32f1xx_hal_spi.o
HAL_SPI_TxRxHalfCpltCallback                      build/stm32f1xx_hal_spi.o
HAL_SYSTICK_CLKSourceConfig                       build/stm32f1xx_hal_cortex.o
                                                  build/main.o
HAL_SYSTICK_Callback                              build/stm32f1xx_hal_cortex.o
HAL_SYSTICK_Config                                build/stm32f1xx_hal_cortex.o
                                                  build/stm32f1xx_hal.o
                                                  build/main.o
HAL_SYSTICK_IRQHandler                            build/stm32f1xx_hal_cortex.o
                                                  build/stm32f1xx_it.o
HAL_SetTickFreq                                   build/stm32f1xx_hal.o
HAL_SuspendTick                                   build/stm32f1xx_hal.o
HardFault_Handler                                 build/stm32f1xx_it.o
I2C1_ER_IRQHandler                                build/startup_stm32f103xb.o
I2C1_EV_IRQHandler                                build/startup_stm32f103xb.o
I2C2_ER_IRQHandler                                build/startup_stm32f103xb.o
I2C2_EV_IRQHandler                                build/startup_stm32f103xb.o
IFlags                                            build/z80.o
                                                  build/smain.o
IsPressed                                         build/smain.o
Kempston                                          build/smain.o
LCD_Draw_Char                                     build/core.o
LCD_Draw_Text                                     build/core.o
                                                  build/smain.o
LCD_FullRect3                                     build/core.o
                                                  build/smain.o
LCD_FullRect6                                     build/core.o
                                                  build/smain.o
LCD_Read64bytes                                   build/core.o
                                                  build/smain.o
LCD_Write64bytes                                  build/core.o
                                                  build/smain.o
LCD_Write8x8line                                  build/core.o
                                                  build/smain.o
LCD_exitStandby                                   build/core.o
LCD_fillRect                                      build/core.o
                                                  build/smain.o
LCD_fillRect2                                     build/core.o
LCD_getHeight                                     build/core.o
                                                  build/smain.o
LCD_getWidth                                      build/core.o
                                                  build/smain.o
LCD_idle                                          build/core.o
LCD_init                                          build/core.o
                                                  build/smain.o
LCD_readSometing                                  build/core.o
LCD_reset                                         build/core.o
LCD_setAddressWindow                              build/core.o
LCD_setOrientation                                build/core.o
                                                  build/smain.o
Lines                                             build/smain.o
MX_SPI1_Init                                      build/main.o
                                                  build/stm32_adafruit_sd.o
                                                  build/touch.o
                                                  build/core.o
                                                  build/smain.o
MemManage_Handler                                 build/stm32f1xx_it.o
NMI_Handler                                       build/stm32f1xx_it.o
PVD_IRQHandler                                    build/startup_stm32f103xb.o
PendSV_Handler                                    build/stm32f1xx_it.o
RCC_IRQHandler                                    build/startup_stm32f103xb.o
ROM                                               build/main_ROM.o
                                                  build/core.o
                                                  build/smain.o
RTC_Alarm_IRQHandler                              build/startup_stm32f103xb.o
RTC_IRQHandler                                    build/startup_stm32f103xb.o
Reset_Handler                                     build/startup_stm32f103xb.o
SD_Driver                                         build/sd_diskio.o
                                                  build/smain.o
SD_FatFs                                          build/smain.o
SD_IO_Init                                        build/stm32_adafruit_sd.o
SD_IO_ReadData                                    build/stm32_adafruit_sd.o
SD_IO_WriteByte                                   build/stm32_adafruit_sd.o
SD_IO_WriteData                                   build/stm32_adafruit_sd.o
SD_IO_WriteReadData                               build/stm32_adafruit_sd.o
SD_Path                                           build/smain.o
SD_initialize                                     build/sd_diskio.o
SD_ioctl                                          build/sd_diskio.o
SD_read                                           build/sd_diskio.o
SD_status                                         build/sd_diskio.o
SD_write                                          build/sd_diskio.o
SPI1_IRQHandler                                   build/startup_stm32f103xb.o
SPI2_IRQHandler                                   build/startup_stm32f103xb.o
SPI_ISCRCErrorValid                               build/stm32f1xx_hal_spi.o
SPIx_Error1                                       build/stm32_adafruit_sd.o
                                                  build/touch.o
                                                  build/smain.o
SPIx_ReadF                                        build/core.o
SPIx_WriteF                                       build/core.o
SPIx_WriteReadData1                               build/stm32_adafruit_sd.o
                                                  build/core.o
SVC_Handler                                       build/stm32f1xx_it.o
SdStatus                                          build/stm32_adafruit_sd.o
SysTick_Handler                                   build/stm32f1xx_it.o
SystemClock_Config                                build/main.o
SystemCoreClock                                   build/system_stm32f1xx.o
                                                  build/stm32f1xx_hal.o
                                                  build/stm32f1xx_hal_rcc.o
                                                  build/stm32f1xx_hal_spi.o
SystemCoreClockUpdate                             build/system_stm32f1xx.o
SystemInit                                        build/system_stm32f1xx.o
                                                  build/startup_stm32f103xb.o
TAMPER_IRQHandler                                 build/startup_stm32f103xb.o
TIM1_BRK_IRQHandler                               build/startup_stm32f103xb.o
TIM1_CC_IRQHandler                                build/startup_stm32f103xb.o
TIM1_TRG_COM_IRQHandler                           build/startup_stm32f103xb.o
TIM1_UP_IRQHandler                                build/startup_stm32f103xb.o
TIM2_IRQHandler                                   build/startup_stm32f103xb.o
TIM3_IRQHandler                                   build/startup_stm32f103xb.o
TIM4_IRQHandler                                   build/startup_stm32f103xb.o
TP_Read_Coordinates                               build/touch.o
                                                  build/smain.o
TP_Touchpad_Pressed                               build/touch.o